Archive member included to satisfy reference by file (symbol)

d:/arm-none-eabi-gcc/5.4 2016q3/bin/../lib/gcc/arm-none-eabi/5.4.1/../../../../arm-none-eabi/lib/armv7e-m/fpu\libc_nano.a(lib_a-exit.o)
                              d:/arm-none-eabi-gcc/5.4 2016q3/bin/../lib/gcc/arm-none-eabi/5.4.1/../../../../arm-none-eabi/lib/armv7e-m/fpu/crt0.o (exit)
d:/arm-none-eabi-gcc/5.4 2016q3/bin/../lib/gcc/arm-none-eabi/5.4.1/../../../../arm-none-eabi/lib/armv7e-m/fpu\libc_nano.a(lib_a-impure.o)
                              d:/arm-none-eabi-gcc/5.4 2016q3/bin/../lib/gcc/arm-none-eabi/5.4.1/../../../../arm-none-eabi/lib/armv7e-m/fpu\libc_nano.a(lib_a-exit.o) (_global_impure_ptr)
d:/arm-none-eabi-gcc/5.4 2016q3/bin/../lib/gcc/arm-none-eabi/5.4.1/../../../../arm-none-eabi/lib/armv7e-m/fpu\libc_nano.a(lib_a-init.o)
                              d:/arm-none-eabi-gcc/5.4 2016q3/bin/../lib/gcc/arm-none-eabi/5.4.1/../../../../arm-none-eabi/lib/armv7e-m/fpu/crt0.o (__libc_init_array)
d:/arm-none-eabi-gcc/5.4 2016q3/bin/../lib/gcc/arm-none-eabi/5.4.1/../../../../arm-none-eabi/lib/armv7e-m/fpu\libc_nano.a(lib_a-itoa.o)
                              build/rin_io.o (itoa)
d:/arm-none-eabi-gcc/5.4 2016q3/bin/../lib/gcc/arm-none-eabi/5.4.1/../../../../arm-none-eabi/lib/armv7e-m/fpu\libc_nano.a(lib_a-memset.o)
                              d:/arm-none-eabi-gcc/5.4 2016q3/bin/../lib/gcc/arm-none-eabi/5.4.1/../../../../arm-none-eabi/lib/armv7e-m/fpu/crt0.o (memset)
d:/arm-none-eabi-gcc/5.4 2016q3/bin/../lib/gcc/arm-none-eabi/5.4.1/../../../../arm-none-eabi/lib/armv7e-m/fpu\libc_nano.a(lib_a-printf.o)
                              build/stm32f4xx_it.o (printf)
d:/arm-none-eabi-gcc/5.4 2016q3/bin/../lib/gcc/arm-none-eabi/5.4.1/../../../../arm-none-eabi/lib/armv7e-m/fpu\libc_nano.a(lib_a-puts.o)
                              build/stm32f4xx_it.o (puts)
d:/arm-none-eabi-gcc/5.4 2016q3/bin/../lib/gcc/arm-none-eabi/5.4.1/../../../../arm-none-eabi/lib/armv7e-m/fpu\libc_nano.a(lib_a-utoa.o)
                              d:/arm-none-eabi-gcc/5.4 2016q3/bin/../lib/gcc/arm-none-eabi/5.4.1/../../../../arm-none-eabi/lib/armv7e-m/fpu\libc_nano.a(lib_a-itoa.o) (__utoa)
d:/arm-none-eabi-gcc/5.4 2016q3/bin/../lib/gcc/arm-none-eabi/5.4.1/../../../../arm-none-eabi/lib/armv7e-m/fpu\libc_nano.a(lib_a-wbuf.o)
                              d:/arm-none-eabi-gcc/5.4 2016q3/bin/../lib/gcc/arm-none-eabi/5.4.1/../../../../arm-none-eabi/lib/armv7e-m/fpu\libc_nano.a(lib_a-puts.o) (__swbuf_r)
d:/arm-none-eabi-gcc/5.4 2016q3/bin/../lib/gcc/arm-none-eabi/5.4.1/../../../../arm-none-eabi/lib/armv7e-m/fpu\libc_nano.a(lib_a-wsetup.o)
                              d:/arm-none-eabi-gcc/5.4 2016q3/bin/../lib/gcc/arm-none-eabi/5.4.1/../../../../arm-none-eabi/lib/armv7e-m/fpu\libc_nano.a(lib_a-puts.o) (__swsetup_r)
d:/arm-none-eabi-gcc/5.4 2016q3/bin/../lib/gcc/arm-none-eabi/5.4.1/../../../../arm-none-eabi/lib/armv7e-m/fpu\libc_nano.a(lib_a-fflush.o)
                              d:/arm-none-eabi-gcc/5.4 2016q3/bin/../lib/gcc/arm-none-eabi/5.4.1/../../../../arm-none-eabi/lib/armv7e-m/fpu\libc_nano.a(lib_a-wbuf.o) (_fflush_r)
d:/arm-none-eabi-gcc/5.4 2016q3/bin/../lib/gcc/arm-none-eabi/5.4.1/../../../../arm-none-eabi/lib/armv7e-m/fpu\libc_nano.a(lib_a-findfp.o)
                              d:/arm-none-eabi-gcc/5.4 2016q3/bin/../lib/gcc/arm-none-eabi/5.4.1/../../../../arm-none-eabi/lib/armv7e-m/fpu\libc_nano.a(lib_a-printf.o) (__sinit)
d:/arm-none-eabi-gcc/5.4 2016q3/bin/../lib/gcc/arm-none-eabi/5.4.1/../../../../arm-none-eabi/lib/armv7e-m/fpu\libc_nano.a(lib_a-fwalk.o)
                              d:/arm-none-eabi-gcc/5.4 2016q3/bin/../lib/gcc/arm-none-eabi/5.4.1/../../../../arm-none-eabi/lib/armv7e-m/fpu\libc_nano.a(lib_a-findfp.o) (_fwalk)
d:/arm-none-eabi-gcc/5.4 2016q3/bin/../lib/gcc/arm-none-eabi/5.4.1/../../../../arm-none-eabi/lib/armv7e-m/fpu\libc_nano.a(lib_a-makebuf.o)
                              d:/arm-none-eabi-gcc/5.4 2016q3/bin/../lib/gcc/arm-none-eabi/5.4.1/../../../../arm-none-eabi/lib/armv7e-m/fpu\libc_nano.a(lib_a-wsetup.o) (__smakebuf_r)
d:/arm-none-eabi-gcc/5.4 2016q3/bin/../lib/gcc/arm-none-eabi/5.4.1/../../../../arm-none-eabi/lib/armv7e-m/fpu\libc_nano.a(lib_a-nano-freer.o)
                              d:/arm-none-eabi-gcc/5.4 2016q3/bin/../lib/gcc/arm-none-eabi/5.4.1/../../../../arm-none-eabi/lib/armv7e-m/fpu\libc_nano.a(lib_a-wsetup.o) (_free_r)
d:/arm-none-eabi-gcc/5.4 2016q3/bin/../lib/gcc/arm-none-eabi/5.4.1/../../../../arm-none-eabi/lib/armv7e-m/fpu\libc_nano.a(lib_a-nano-mallocr.o)
                              d:/arm-none-eabi-gcc/5.4 2016q3/bin/../lib/gcc/arm-none-eabi/5.4.1/../../../../arm-none-eabi/lib/armv7e-m/fpu\libc_nano.a(lib_a-findfp.o) (_malloc_r)
d:/arm-none-eabi-gcc/5.4 2016q3/bin/../lib/gcc/arm-none-eabi/5.4.1/../../../../arm-none-eabi/lib/armv7e-m/fpu\libc_nano.a(lib_a-nano-vfprintf.o)
[...]
Memory Configuration

Name             Origin             Length             Attributes
RAM              0x20000000         0x00020000         xrw
CCMRAM           0x10000000         0x00010000         rw
FLASH            0x08000000         0x00100000         xr
*default*        0x00000000         0xffffffff

Linker script and memory map

LOAD d:/arm-none-eabi-gcc/5.4 2016q3/bin/../lib/gcc/arm-none-eabi/5.4.1/armv7e-m/fpu/crti.o
LOAD d:/arm-none-eabi-gcc/5.4 2016q3/bin/../lib/gcc/arm-none-eabi/5.4.1/armv7e-m/fpu/crtbegin.o
LOAD d:/arm-none-eabi-gcc/5.4 2016q3/bin/../lib/gcc/arm-none-eabi/5.4.1/../../../../arm-none-eabi/lib/armv7e-m/fpu/crt0.o
LOAD build/main.o
LOAD build/system_stm32f4xx.o
LOAD build/stm32f4xx_it.o
LOAD build/misc.o
LOAD build/stm32f4xx_gpio.o
LOAD build/stm32f4xx_rcc.o
LOAD build/stm32f4xx_usart.o
LOAD build/rin_doublelist.o
LOAD build/rin_io.o
LOAD build/rin_portable.o
LOAD build/rin_heartbeat.o
LOAD build/usart.o
LOAD build/startup_stm32f40xx.o
LOAD d:/arm-none-eabi-gcc/5.4 2016q3/bin/../lib/gcc/arm-none-eabi/5.4.1/../../../../arm-none-eabi/lib/armv7e-m/fpu\libc_nano.a
LOAD d:/arm-none-eabi-gcc/5.4 2016q3/bin/../lib/gcc/arm-none-eabi/5.4.1/../../../../arm-none-eabi/lib/armv7e-m/fpu\libm.a
LOAD d:/arm-none-eabi-gcc/5.4 2016q3/bin/../lib/gcc/arm-none-eabi/5.4.1/../../../../arm-none-eabi/lib/armv7e-m/fpu\libnosys.a
START GROUP
LOAD d:/arm-none-eabi-gcc/5.4 2016q3/bin/../lib/gcc/arm-none-eabi/5.4.1/armv7e-m/fpu\libgcc.a
LOAD d:/arm-none-eabi-gcc/5.4 2016q3/bin/../lib/gcc/arm-none-eabi/5.4.1/../../../../arm-none-eabi/lib/armv7e-m/fpu\libc_nano.a
END GROUP
START GROUP
LOAD d:/arm-none-eabi-gcc/5.4 2016q3/bin/../lib/gcc/arm-none-eabi/5.4.1/armv7e-m/fpu\libgcc.a
LOAD d:/arm-none-eabi-gcc/5.4 2016q3/bin/../lib/gcc/arm-none-eabi/5.4.1/../../../../arm-none-eabi/lib/armv7e-m/fpu\libc_nano.a
END GROUP
LOAD d:/arm-none-eabi-gcc/5.4 2016q3/bin/../lib/gcc/arm-none-eabi/5.4.1/armv7e-m/fpu/crtend.o
LOAD d:/arm-none-eabi-gcc/5.4 2016q3/bin/../lib/gcc/arm-none-eabi/5.4.1/armv7e-m/fpu/crtn.o
                0x20020000                _estack = 0x20020000
                0x00000200                _Min_Heap_Size = 0x200
                0x00000400                _Min_Stack_Size = 0x400

.isr_vector     0x08000000      0x188
                0x08000000                . = ALIGN (0x4)
 *(.isr_vector)
 .isr_vector    0x08000000      0x188 build/startup_stm32f40xx.o
                0x08000000                g_pfnVectors
                0x08000188                . = ALIGN (0x4)

.text           0x08000190     0x214c
                0x08000190                . = ALIGN (0x4)
 *(.text)
 .text          0x08000190       0x5c d:/arm-none-eabi-gcc/5.4 2016q3/bin/../lib/gcc/arm-none-eabi/5.4.1/armv7e-m/fpu/crtbegin.o
 *fill*         0x080001ec        0x4 
 .text          0x080001f0       0xa0 d:/arm-none-eabi-gcc/5.4 2016q3/bin/../lib/gcc/arm-none-eabi/5.4.1/../../../../arm-none-eabi/lib/armv7e-m/fpu\libc_nano.a(lib_a-memchr.o)
                0x080001f0                memchr
 .text          0x08000290      0x370 d:/arm-none-eabi-gcc/5.4 2016q3/bin/../lib/gcc/arm-none-eabi/5.4.1/armv7e-m/fpu\libgcc.a(_arm_addsubdf3.o)
                0x08000290                __aeabi_drsub
                0x08000298                __aeabi_dsub
                0x08000298                __subdf3
                0x0800029c                __aeabi_dadd
                0x0800029c                __adddf3
                0x08000514                __floatunsidf
                0x08000514                __aeabi_ui2d
                0x08000534                __floatsidf
                0x08000534                __aeabi_i2d
                0x08000558                __aeabi_f2d
                0x08000558                __extendsfdf2
                0x08000594                __floatundidf
                0x08000594                __aeabi_ul2d
                0x080005a4                __floatdidf
                0x080005a4                __aeabi_l2d
 .text          0x08000600      0x424 d:/arm-none-eabi-gcc/5.4 2016q3/bin/../lib/gcc/arm-none-eabi/5.4.1/armv7e-m/fpu\libgcc.a(_arm_muldivdf3.o)
                0x08000600                __aeabi_dmul
                0x08000600                __muldf3
                0x08000854                __divdf3
                0x08000854                __aeabi_ddiv
 .text          0x08000a24       0x40 d:/arm-none-eabi-gcc/5.4 2016q3/bin/../lib/gcc/arm-none-eabi/5.4.1/armv7e-m/fpu\libgcc.a(_arm_fixunsdfsi.o)
                0x08000a24                __aeabi_d2uiz
                0x08000a24                __fixunsdfsi
 *(.text*)
 .text.main     0x08000a64       0x20 build/main.o
                0x08000a64                main
 .text.SetSysClock
                0x08000a84       0xc4 build/system_stm32f4xx.o
 .text.SystemInit
                0x08000b48       0x50 build/system_stm32f4xx.o
                0x08000b48                SystemInit
 .text.NMI_Handler
                0x08000b98       0x10 build/stm32f4xx_it.o
                0x08000b98                NMI_Handler
 .text.HardFault_Handler
                0x08000ba8       0x20 build/stm32f4xx_it.o
                0x08000ba8                HardFault_Handler
 .text.MemManage_Handler
                0x08000bc8       0x10 build/stm32f4xx_it.o
                0x08000bc8                MemManage_Handler
 .text.BusFault_Handler
                0x08000bd8       0x10 build/stm32f4xx_it.o
                0x08000bd8                BusFault_Handler
 .text.UsageFault_Handler
                0x08000be8       0x10 build/stm32f4xx_it.o
                0x08000be8                UsageFault_Handler
 .text.SVC_Handler
                0x08000bf8        0x4 build/stm32f4xx_it.o
                0x08000bf8                SVC_Handler
 .text.DebugMon_Handler
                0x08000bfc        0x4 build/stm32f4xx_it.o
                0x08000bfc                DebugMon_Handler
 .text.NVIC_Init
                0x08000c00       0x70 build/misc.o
                0x08000c00                NVIC_Init
 .text.GPIO_Init
                0x08000c70       0x84 build/stm32f4xx_gpio.o
                0x08000c70                GPIO_Init
 .text.GPIO_PinAFConfig
                0x08000cf4       0x30 build/stm32f4xx_gpio.o
                0x08000cf4                GPIO_PinAFConfig
 .text.RCC_GetClocksFreq
                0x08000d24       0xb8 build/stm32f4xx_rcc.o
                0x08000d24                RCC_GetClocksFreq
 .text.RCC_AHB1PeriphClockCmd
                0x08000ddc       0x1c build/stm32f4xx_rcc.o
                0x08000ddc                RCC_AHB1PeriphClockCmd
 .text.RCC_APB1PeriphClockCmd
                0x08000df8       0x1c build/stm32f4xx_rcc.o
                0x08000df8                RCC_APB1PeriphClockCmd
 .text.USART_Init
                0x08000e14       0xd0 build/stm32f4xx_usart.o
                0x08000e14                USART_Init
 .text.USART_Cmd
                0x08000ee4       0x1c build/stm32f4xx_usart.o
                0x08000ee4                USART_Cmd
 .text.USART_SendData
                0x08000f00        0x8 build/stm32f4xx_usart.o
                0x08000f00                USART_SendData
 .text.USART_GetFlagStatus
                0x08000f08       0x10 build/stm32f4xx_usart.o
                0x08000f08                USART_GetFlagStatus
 .text.USART_GetITStatus
                0x08000f18       0x50 build/stm32f4xx_usart.o
                0x08000f18                USART_GetITStatus
 .text.r_itoa   0x08000f68       0x44 build/rin_io.o
                0x08000f68                r_itoa
 *fill*         0x08000fac        0x4 
 .text.rout     0x08000fb0      0x134 build/rin_io.o
                0x08000fb0                rout
 .text.rin_clog_delay
                0x080010e4       0x1c build/rin_portable.o
                0x080010e4                rin_clog_delay
 .text._write   0x08001100       0x30 build/rin_portable.o
                0x08001100                _write
 .text._write_U8
                0x08001130       0x1c build/rin_portable.o
                0x08001130                _write_U8
 .text.LED_init
                0x0800114c       0x38 build/rin_heartbeat.o
                0x0800114c                LED_init
 .text.usart3_init
                0x08001184       0xa4 build/usart.o
                0x08001184                usart3_init
 .text.USART3_IRQHandler
                0x08001228       0x14 build/usart.o
                0x08001228                USART3_IRQHandler
 .text.Reset_Handler
                0x0800123c       0x48 build/startup_stm32f40xx.o
                0x0800123c                Reset_Handler
 .text.Default_Handler
                0x08001284        0x2 build/startup_stm32f40xx.o
                0x08001284                RTC_Alarm_IRQHandler
                0x08001284                HASH_RNG_IRQHandler
                0x08001284                EXTI2_IRQHandler
                0x08001284                TIM8_CC_IRQHandler
                0x08001284                TIM1_CC_IRQHandler
                0x08001284                DMA2_Stream5_IRQHandler
                0x08001284                DMA1_Stream5_IRQHandler
                0x08001284                SysTick_Handler
                0x08001284                PVD_IRQHandler
                0x08001284                SDIO_IRQHandler
                0x08001284                TAMP_STAMP_IRQHandler
                0x08001284                PendSV_Handler
                0x08001284                CAN2_RX1_IRQHandler
                0x08001284                EXTI3_IRQHandler
                0x08001284                TIM8_TRG_COM_TIM14_IRQHandler
                0x08001284                TIM1_UP_TIM10_IRQHandler
                0x08001284                TIM8_UP_TIM13_IRQHandler
                0x08001284                I2C3_ER_IRQHandler
                0x08001284                EXTI0_IRQHandler
                0x08001284                I2C2_EV_IRQHandler
                0x08001284                DMA1_Stream2_IRQHandler
                0x08001284                CAN1_RX0_IRQHandler
                0x08001284                FPU_IRQHandler
                0x08001284                OTG_HS_WKUP_IRQHandler
                0x08001284                CAN2_SCE_IRQHandler
                0x08001284                DMA2_Stream2_IRQHandler
                0x08001284                SPI1_IRQHandler
                0x08001284                TIM6_DAC_IRQHandler
                0x08001284                TIM1_BRK_TIM9_IRQHandler
                0x08001284                DCMI_IRQHandler
                0x08001284                CAN2_RX0_IRQHandler
                0x08001284                DMA2_Stream3_IRQHandler
                0x08001284                USART6_IRQHandler
                0x08001284                CRYP_IRQHandler
                0x08001284                CAN1_RX1_IRQHandler
                0x08001284                UART5_IRQHandler
                0x08001284                DMA2_Stream0_IRQHandler
                0x08001284                TIM4_IRQHandler
                0x08001284                I2C1_EV_IRQHandler
                0x08001284                DMA1_Stream6_IRQHandler
                0x08001284                DMA1_Stream1_IRQHandler
                0x08001284                UART4_IRQHandler
                0x08001284                TIM3_IRQHandler
                0x08001284                RCC_IRQHandler
                0x08001284                TIM8_BRK_TIM12_IRQHandler
                0x08001284                Default_Handler
                0x08001284                EXTI15_10_IRQHandler
                0x08001284                ADC_IRQHandler
                0x08001284                DMA1_Stream7_IRQHandler
                0x08001284                TIM7_IRQHandler
                0x08001284                CAN2_TX_IRQHandler
                0x08001284                TIM5_IRQHandler
                0x08001284                DMA2_Stream7_IRQHandler
                0x08001284                I2C3_EV_IRQHandler
                0x08001284                EXTI9_5_IRQHandler
                0x08001284                RTC_WKUP_IRQHandler
                0x08001284                ETH_WKUP_IRQHandler
                0x08001284                SPI2_IRQHandler
                0x08001284                OTG_HS_EP1_IN_IRQHandler
                0x08001284                DMA1_Stream0_IRQHandler
                0x08001284                CAN1_TX_IRQHandler
                0x08001284                EXTI4_IRQHandler
                0x08001284                FSMC_IRQHandler
                0x08001284                ETH_IRQHandler
                0x08001284                OTG_HS_EP1_OUT_IRQHandler
                0x08001284                WWDG_IRQHandler
                0x08001284                TIM2_IRQHandler
                0x08001284                OTG_FS_WKUP_IRQHandler
                0x08001284                TIM1_TRG_COM_TIM11_IRQHandler
                0x08001284                OTG_HS_IRQHandler
                0x08001284                EXTI1_IRQHandler
                0x08001284                USART2_IRQHandler
                0x08001284                I2C2_ER_IRQHandler
                0x08001284                DMA2_Stream1_IRQHandler
                0x08001284                CAN1_SCE_IRQHandler
                0x08001284                FLASH_IRQHandler
                0x08001284                DMA2_Stream4_IRQHandler
                0x08001284                USART1_IRQHandler
                0x08001284                OTG_FS_IRQHandler
                0x08001284                SPI3_IRQHandler
                0x08001284                DMA1_Stream4_IRQHandler
                0x08001284                I2C1_ER_IRQHandler
                0x08001284                DMA2_Stream6_IRQHandler
                0x08001284                DMA1_Stream3_IRQHandler
 *fill*         0x08001286        0x2 
 .text.__libc_init_array
                0x08001288       0x4c d:/arm-none-eabi-gcc/5.4 2016q3/bin/../lib/gcc/arm-none-eabi/5.4.1/../../../../arm-none-eabi/lib/armv7e-m/fpu\libc_nano.a(lib_a-init.o)
                0x08001288                __libc_init_array
 .text.__itoa   0x080012d4       0x2e d:/arm-none-eabi-gcc/5.4 2016q3/bin/../lib/gcc/arm-none-eabi/5.4.1/../../../../arm-none-eabi/lib/armv7e-m/fpu\libc_nano.a(lib_a-itoa.o)
                0x080012d4                __itoa
 .text.itoa     0x08001302        0x4 d:/arm-none-eabi-gcc/5.4 2016q3/bin/../lib/gcc/arm-none-eabi/5.4.1/../../../../arm-none-eabi/lib/armv7e-m/fpu\libc_nano.a(lib_a-itoa.o)
                0x08001302                itoa
 .text.memset   0x08001306       0x10 d:/arm-none-eabi-gcc/5.4 2016q3/bin/../lib/gcc/arm-none-eabi/5.4.1/../../../../arm-none-eabi/lib/armv7e-m/fpu\libc_nano.a(lib_a-memset.o)
                0x08001306                memset
 *fill*         0x08001316        0x2 
 .text.printf   0x08001318       0x30 d:/arm-none-eabi-gcc/5.4 2016q3/bin/../lib/gcc/arm-none-eabi/5.4.1/../../../../arm-none-eabi/lib/armv7e-m/fpu\libc_nano.a(lib_a-printf.o)
                0x08001318                iprintf
                0x08001318                printf
 .text._puts_r  0x08001348       0xb4 d:/arm-none-eabi-gcc/5.4 2016q3/bin/../lib/gcc/arm-none-eabi/5.4.1/../../../../arm-none-eabi/lib/armv7e-m/fpu\libc_nano.a(lib_a-puts.o)
                0x08001348                _puts_r
 .text.puts     0x080013fc       0x10 d:/arm-none-eabi-gcc/5.4 2016q3/bin/../lib/gcc/arm-none-eabi/5.4.1/../../../../arm-none-eabi/lib/armv7e-m/fpu\libc_nano.a(lib_a-puts.o)
                0x080013fc                puts
 .text.__utoa   0x0800140c       0x78 d:/arm-none-eabi-gcc/5.4 2016q3/bin/../lib/gcc/arm-none-eabi/5.4.1/../../../../arm-none-eabi/lib/armv7e-m/fpu\libc_nano.a(lib_a-utoa.o)
                0x0800140c                __utoa
 .text.__swbuf_r
                0x08001484       0xa8 d:/arm-none-eabi-gcc/5.4 2016q3/bin/../lib/gcc/arm-none-eabi/5.4.1/../../../../arm-none-eabi/lib/armv7e-m/fpu\libc_nano.a(lib_a-wbuf.o)
                0x08001484                __swbuf_r
 .text.__swsetup_r
                0x0800152c       0xdc d:/arm-none-eabi-gcc/5.4 2016q3/bin/../lib/gcc/arm-none-eabi/5.4.1/../../../../arm-none-eabi/lib/armv7e-m/fpu\libc_nano.a(lib_a-wsetup.o)
                0x0800152c                __swsetup_r
 .text.__sflush_r
                0x08001608      0x110 d:/arm-none-eabi-gcc/5.4 2016q3/bin/../lib/gcc/arm-none-eabi/5.4.1/../../../../arm-none-eabi/lib/armv7e-m/fpu\libc_nano.a(lib_a-fflush.o)
                0x08001608                __sflush_r
 .text._fflush_r
                0x08001718       0x54 d:/arm-none-eabi-gcc/5.4 2016q3/bin/../lib/gcc/arm-none-eabi/5.4.1/../../../../arm-none-eabi/lib/armv7e-m/fpu\libc_nano.a(lib_a-fflush.o)
                0x08001718                _fflush_r
 .text._cleanup_r
                0x0800176c        0xc d:/arm-none-eabi-gcc/5.4 2016q3/bin/../lib/gcc/arm-none-eabi/5.4.1/../../../../arm-none-eabi/lib/armv7e-m/fpu\libc_nano.a(lib_a-findfp.o)
                0x0800176c                _cleanup_r
 .text.std.isra.0
                0x08001778       0x48 d:/arm-none-eabi-gcc/5.4 2016q3/bin/../lib/gcc/arm-none-eabi/5.4.1/../../../../arm-none-eabi/lib/armv7e-m/fpu\libc_nano.a(lib_a-findfp.o)
 .text.__sfmoreglue
                0x080017c0       0x2c d:/arm-none-eabi-gcc/5.4 2016q3/bin/../lib/gcc/arm-none-eabi/5.4.1/../../../../arm-none-eabi/lib/armv7e-m/fpu\libc_nano.a(lib_a-findfp.o)
                0x080017c0                __sfmoreglue
 .text.__sinit  0x080017ec       0x60 d:/arm-none-eabi-gcc/5.4 2016q3/bin/../lib/gcc/arm-none-eabi/5.4.1/../../../../arm-none-eabi/lib/armv7e-m/fpu\libc_nano.a(lib_a-findfp.o)
                0x080017ec                __sinit
 .text.__sfp    0x0800184c       0x78 d:/arm-none-eabi-gcc/5.4 2016q3/bin/../lib/gcc/arm-none-eabi/5.4.1/../../../../arm-none-eabi/lib/armv7e-m/fpu\libc_nano.a(lib_a-findfp.o)
                0x0800184c                __sfp
 .text._fwalk_reent
                0x080018c4       0x3c d:/arm-none-eabi-gcc/5.4 2016q3/bin/../lib/gcc/arm-none-eabi/5.4.1/../../../../arm-none-eabi/lib/armv7e-m/fpu\libc_nano.a(lib_a-fwalk.o)
                0x080018c4                _fwalk_reent
 .text.__swhatbuf_r
                0x08001900       0x46 d:/arm-none-eabi-gcc/5.4 2016q3/bin/../lib/gcc/arm-none-eabi/5.4.1/../../../../arm-none-eabi/lib/armv7e-m/fpu\libc_nano.a(lib_a-makebuf.o)
                0x08001900                __swhatbuf_r
 *fill*         0x08001946        0x2 
 .text.__smakebuf_r
                0x08001948       0x78 d:/arm-none-eabi-gcc/5.4 2016q3/bin/../lib/gcc/arm-none-eabi/5.4.1/../../../../arm-none-eabi/lib/armv7e-m/fpu\libc_nano.a(lib_a-makebuf.o)
                0x08001948                __smakebuf_r
 .text._free_r  0x080019c0       0x9c d:/arm-none-eabi-gcc/5.4 2016q3/bin/../lib/gcc/arm-none-eabi/5.4.1/../../../../arm-none-eabi/lib/armv7e-m/fpu\libc_nano.a(lib_a-nano-freer.o)
                0x080019c0                _free_r
 .text._malloc_r
                0x08001a5c       0xbc d:/arm-none-eabi-gcc/5.4 2016q3/bin/../lib/gcc/arm-none-eabi/5.4.1/../../../../arm-none-eabi/lib/armv7e-m/fpu\libc_nano.a(lib_a-nano-mallocr.o)
                0x08001a5c                _malloc_r
 .text.__sfputc_r
                0x08001b18       0x30 d:/arm-none-eabi-gcc/5.4 2016q3/bin/../lib/gcc/arm-none-eabi/5.4.1/../../../../arm-none-eabi/lib/armv7e-m/fpu\libc_nano.a(lib_a-nano-vfprintf.o)
 .text.__sfputs_r
                0x08001b48       0x24 d:/arm-none-eabi-gcc/5.4 2016q3/bin/../lib/gcc/arm-none-eabi/5.4.1/../../../../arm-none-eabi/lib/armv7e-m/fpu\libc_nano.a(lib_a-nano-vfprintf.o)
                0x08001b48                __sfputs_r
 .text._vfprintf_r
                0x08001b6c      0x238 d:/arm-none-eabi-gcc/5.4 2016q3/bin/../lib/gcc/arm-none-eabi/5.4.1/../../../../arm-none-eabi/lib/armv7e-m/fpu\libc_nano.a(lib_a-nano-vfprintf.o)
                0x08001b6c                _vfprintf_r
                0x08001b6c                _vfiprintf_r
 .text._printf_common
                0x08001da4       0xec d:/arm-none-eabi-gcc/5.4 2016q3/bin/../lib/gcc/arm-none-eabi/5.4.1/../../../../arm-none-eabi/lib/armv7e-m/fpu\libc_nano.a(lib_a-nano-vfprintf_i.o)
                0x08001da4                _printf_common
 .text._printf_i
                0x08001e90      0x24c d:/arm-none-eabi-gcc/5.4 2016q3/bin/../lib/gcc/arm-none-eabi/5.4.1/../../../../arm-none-eabi/lib/armv7e-m/fpu\libc_nano.a(lib_a-nano-vfprintf_i.o)
                0x08001e90                _printf_i
 .text._sbrk_r  0x080020dc       0x20 d:/arm-none-eabi-gcc/5.4 2016q3/bin/../lib/gcc/arm-none-eabi/5.4.1/../../../../arm-none-eabi/lib/armv7e-m/fpu\libc_nano.a(lib_a-sbrkr.o)
                0x080020dc                _sbrk_r
 .text.__sread  0x080020fc       0x22 d:/arm-none-eabi-gcc/5.4 2016q3/bin/../lib/gcc/arm-none-eabi/5.4.1/../../../../arm-none-eabi/lib/armv7e-m/fpu\libc_nano.a(lib_a-stdio.o)
                0x080020fc                __sread
 .text.__swrite
                0x0800211e       0x38 d:/arm-none-eabi-gcc/5.4 2016q3/bin/../lib/gcc/arm-none-eabi/5.4.1/../../../../arm-none-eabi/lib/armv7e-m/fpu\libc_nano.a(lib_a-stdio.o)
                0x0800211e                __swrite
 .text.__sseek  0x08002156       0x24 d:/arm-none-eabi-gcc/5.4 2016q3/bin/../lib/gcc/arm-none-eabi/5.4.1/../../../../arm-none-eabi/lib/armv7e-m/fpu\libc_nano.a(lib_a-stdio.o)
                0x08002156                __sseek
 .text.__sclose
                0x0800217a        0x8 d:/arm-none-eabi-gcc/5.4 2016q3/bin/../lib/gcc/arm-none-eabi/5.4.1/../../../../arm-none-eabi/lib/armv7e-m/fpu\libc_nano.a(lib_a-stdio.o)
                0x0800217a                __sclose
 *fill*         0x08002182        0x2 
 .text._write_r
                0x08002184       0x24 d:/arm-none-eabi-gcc/5.4 2016q3/bin/../lib/gcc/arm-none-eabi/5.4.1/../../../../arm-none-eabi/lib/armv7e-m/fpu\libc_nano.a(lib_a-writer.o)
                0x08002184                _write_r
 .text._close_r
                0x080021a8       0x20 d:/arm-none-eabi-gcc/5.4 2016q3/bin/../lib/gcc/arm-none-eabi/5.4.1/../../../../arm-none-eabi/lib/armv7e-m/fpu\libc_nano.a(lib_a-closer.o)
                0x080021a8                _close_r
 .text._fstat_r
                0x080021c8       0x24 d:/arm-none-eabi-gcc/5.4 2016q3/bin/../lib/gcc/arm-none-eabi/5.4.1/../../../../arm-none-eabi/lib/armv7e-m/fpu\libc_nano.a(lib_a-fstatr.o)
                0x080021c8                _fstat_r
 .text._isatty_r
                0x080021ec       0x20 d:/arm-none-eabi-gcc/5.4 2016q3/bin/../lib/gcc/arm-none-eabi/5.4.1/../../../../arm-none-eabi/lib/armv7e-m/fpu\libc_nano.a(lib_a-isattyr.o)
                0x080021ec                _isatty_r
 .text._lseek_r
                0x0800220c       0x24 d:/arm-none-eabi-gcc/5.4 2016q3/bin/../lib/gcc/arm-none-eabi/5.4.1/../../../../arm-none-eabi/lib/armv7e-m/fpu\libc_nano.a(lib_a-lseekr.o)
                0x0800220c                _lseek_r
 .text.__malloc_lock
                0x08002230        0x2 d:/arm-none-eabi-gcc/5.4 2016q3/bin/../lib/gcc/arm-none-eabi/5.4.1/../../../../arm-none-eabi/lib/armv7e-m/fpu\libc_nano.a(lib_a-mlock.o)
                0x08002230                __malloc_lock
 .text.__malloc_unlock
                0x08002232        0x2 d:/arm-none-eabi-gcc/5.4 2016q3/bin/../lib/gcc/arm-none-eabi/5.4.1/../../../../arm-none-eabi/lib/armv7e-m/fpu\libc_nano.a(lib_a-mlock.o)
                0x08002232                __malloc_unlock
 .text._read_r  0x08002234       0x24 d:/arm-none-eabi-gcc/5.4 2016q3/bin/../lib/gcc/arm-none-eabi/5.4.1/../../../../arm-none-eabi/lib/armv7e-m/fpu\libc_nano.a(lib_a-readr.o)
                0x08002234                _read_r
 .text._close   0x08002258       0x10 d:/arm-none-eabi-gcc/5.4 2016q3/bin/../lib/gcc/arm-none-eabi/5.4.1/../../../../arm-none-eabi/lib/armv7e-m/fpu\libnosys.a(close.o)
                0x08002258                _close
 .text._fstat   0x08002268       0x10 d:/arm-none-eabi-gcc/5.4 2016q3/bin/../lib/gcc/arm-none-eabi/5.4.1/../../../../arm-none-eabi/lib/armv7e-m/fpu\libnosys.a(fstat.o)
                0x08002268                _fstat
 .text._isatty  0x08002278       0x10 d:/arm-none-eabi-gcc/5.4 2016q3/bin/../lib/gcc/arm-none-eabi/5.4.1/../../../../arm-none-eabi/lib/armv7e-m/fpu\libnosys.a(isatty.o)
                0x08002278                _isatty
 .text._lseek   0x08002288       0x10 d:/arm-none-eabi-gcc/5.4 2016q3/bin/../lib/gcc/arm-none-eabi/5.4.1/../../../../arm-none-eabi/lib/armv7e-m/fpu\libnosys.a(lseek.o)
                0x08002288                _lseek
 .text._read    0x08002298       0x10 d:/arm-none-eabi-gcc/5.4 2016q3/bin/../lib/gcc/arm-none-eabi/5.4.1/../../../../arm-none-eabi/lib/armv7e-m/fpu\libnosys.a(read.o)
                0x08002298                _read
 .text._sbrk    0x080022a8       0x1c d:/arm-none-eabi-gcc/5.4 2016q3/bin/../lib/gcc/arm-none-eabi/5.4.1/../../../../arm-none-eabi/lib/armv7e-m/fpu\libnosys.a(sbrk.o)
                0x080022a8                _sbrk
 *(.glue_7)
 .glue_7        0x080022c4        0x0 linker stubs
 *(.glue_7t)
 .glue_7t       0x080022c4        0x0 linker stubs
 *(.eh_frame)
 .eh_frame      0x080022c4        0x0 d:/arm-none-eabi-gcc/5.4 2016q3/bin/../lib/gcc/arm-none-eabi/5.4.1/armv7e-m/fpu/crtbegin.o
 *(.init)
 .init          0x080022c4        0x4 d:/arm-none-eabi-gcc/5.4 2016q3/bin/../lib/gcc/arm-none-eabi/5.4.1/armv7e-m/fpu/crti.o
                0x080022c4                _init
 .init          0x080022c8        0x8 d:/arm-none-eabi-gcc/5.4 2016q3/bin/../lib/gcc/arm-none-eabi/5.4.1/armv7e-m/fpu/crtn.o
 *(.fini)
 .fini          0x080022d0        0x4 d:/arm-none-eabi-gcc/5.4 2016q3/bin/../lib/gcc/arm-none-eabi/5.4.1/armv7e-m/fpu/crti.o
                0x080022d0                _fini
 .fini          0x080022d4        0x8 d:/arm-none-eabi-gcc/5.4 2016q3/bin/../lib/gcc/arm-none-eabi/5.4.1/armv7e-m/fpu/crtn.o
                0x080022dc                . = ALIGN (0x4)
                0x080022dc                _etext = .

.vfp11_veneer   0x080022dc        0x0
 .vfp11_veneer  0x080022dc        0x0 linker stubs

.v4_bx          0x080022dc        0x0
 .v4_bx         0x080022dc        0x0 linker stubs

.iplt           0x080022dc        0x0
 .iplt          0x080022dc        0x0 d:/arm-none-eabi-gcc/5.4 2016q3/bin/../lib/gcc/arm-none-eabi/5.4.1/armv7e-m/fpu/crtbegin.o

.rodata         0x080022dc      0x14c
                0x080022dc                . = ALIGN (0x4)
 *(.rodata)
 *(.rodata*)
 .rodata.str1.4
                0x080022dc        0x7 build/main.o
 *fill*         0x080022e3        0x1 
 .rodata.str1.4
                0x080022e4       0x68 build/stm32f4xx_it.o
 .rodata.str1.4
                0x0800234c       0x1c build/rin_io.o
 .rodata._global_impure_ptr
                0x08002368        0x4 d:/arm-none-eabi-gcc/5.4 2016q3/bin/../lib/gcc/arm-none-eabi/5.4.1/../../../../arm-none-eabi/lib/armv7e-m/fpu\libc_nano.a(lib_a-impure.o)
                0x08002368                _global_impure_ptr
 .rodata.str1.1
                0x0800236c       0x25 d:/arm-none-eabi-gcc/5.4 2016q3/bin/../lib/gcc/arm-none-eabi/5.4.1/../../../../arm-none-eabi/lib/armv7e-m/fpu\libc_nano.a(lib_a-utoa.o)
 *fill*         0x08002391        0x3 
 .rodata.__sf_fake_stdin
                0x08002394       0x20 d:/arm-none-eabi-gcc/5.4 2016q3/bin/../lib/gcc/arm-none-eabi/5.4.1/../../../../arm-none-eabi/lib/armv7e-m/fpu\libc_nano.a(lib_a-findfp.o)
                0x08002394                __sf_fake_stdin
 .rodata.__sf_fake_stdout
                0x080023b4       0x20 d:/arm-none-eabi-gcc/5.4 2016q3/bin/../lib/gcc/arm-none-eabi/5.4.1/../../../../arm-none-eabi/lib/armv7e-m/fpu\libc_nano.a(lib_a-findfp.o)
                0x080023b4                __sf_fake_stdout
 .rodata.__sf_fake_stderr
                0x080023d4       0x20 d:/arm-none-eabi-gcc/5.4 2016q3/bin/../lib/gcc/arm-none-eabi/5.4.1/../../../../arm-none-eabi/lib/armv7e-m/fpu\libc_nano.a(lib_a-findfp.o)
                0x080023d4                __sf_fake_stderr
 .rodata.str1.1
                0x080023f4       0x11 d:/arm-none-eabi-gcc/5.4 2016q3/bin/../lib/gcc/arm-none-eabi/5.4.1/../../../../arm-none-eabi/lib/armv7e-m/fpu\libc_nano.a(lib_a-nano-vfprintf.o)
 .rodata.str1.1
                0x08002405       0x22 d:/arm-none-eabi-gcc/5.4 2016q3/bin/../lib/gcc/arm-none-eabi/5.4.1/../../../../arm-none-eabi/lib/armv7e-m/fpu\libc_nano.a(lib_a-nano-vfprintf_i.o)
                0x08002428                . = ALIGN (0x4)
 *fill*         0x08002427        0x1 

.rel.dyn        0x08002428        0x0
 .rel.iplt      0x08002428        0x0 d:/arm-none-eabi-gcc/5.4 2016q3/bin/../lib/gcc/arm-none-eabi/5.4.1/armv7e-m/fpu/crtbegin.o

.ARM.extab
 *(.ARM.extab* .gnu.linkonce.armextab.*)

.ARM            0x08002428        0x0
                0x08002428                __exidx_start = .
 *(.ARM.exidx*)
                0x08002428                __exidx_end = .

.preinit_array  0x08002428        0x0
                0x08002428                PROVIDE (__preinit_array_start, .)
 *(.preinit_array*)
                0x08002428                PROVIDE (__preinit_array_end, .)

.init_array     0x08002428        0x4
                0x08002428                PROVIDE (__init_array_start, .)
 *(SORT(.init_array.*))
 *(.init_array*)
 .init_array    0x08002428        0x4 d:/arm-none-eabi-gcc/5.4 2016q3/bin/../lib/gcc/arm-none-eabi/5.4.1/armv7e-m/fpu/crtbegin.o
                0x0800242c                PROVIDE (__init_array_end, .)

.fini_array     0x0800242c        0x4
                [!provide]                PROVIDE (__fini_array_start, .)
 *(SORT(.fini_array.*))
 *(.fini_array*)
 .fini_array    0x0800242c        0x4 d:/arm-none-eabi-gcc/5.4 2016q3/bin/../lib/gcc/arm-none-eabi/5.4.1/armv7e-m/fpu/crtbegin.o
                [!provide]                PROVIDE (__fini_array_end, .)
                0x08002430                _sidata = LOADADDR (.data)

.data           0x20000000       0x74 load address 0x08002430
                0x20000000                . = ALIGN (0x4)
                0x20000000                _sdata = .
 *(.data)
 *(.data*)
 .data.APBAHBPrescTable
                0x20000000       0x10 build/stm32f4xx_rcc.o
 .data.impure_data
                0x20000010       0x60 d:/arm-none-eabi-gcc/5.4 2016q3/bin/../lib/gcc/arm-none-eabi/5.4.1/../../../../arm-none-eabi/lib/armv7e-m/fpu\libc_nano.a(lib_a-impure.o)
 .data._impure_ptr
                0x20000070        0x4 d:/arm-none-eabi-gcc/5.4 2016q3/bin/../lib/gcc/arm-none-eabi/5.4.1/../../../../arm-none-eabi/lib/armv7e-m/fpu\libc_nano.a(lib_a-impure.o)
                0x20000070                _impure_ptr
                0x20000074                . = ALIGN (0x4)
                0x20000074                _edata = .
                0x080024a4                _siccmram = LOADADDR (.ccmram)

.jcr            0x20000074        0x0 load address 0x080024a4
 .jcr           0x20000074        0x0 d:/arm-none-eabi-gcc/5.4 2016q3/bin/../lib/gcc/arm-none-eabi/5.4.1/armv7e-m/fpu/crtbegin.o

.igot.plt       0x20000074        0x0 load address 0x080024a4
 .igot.plt      0x20000074        0x0 d:/arm-none-eabi-gcc/5.4 2016q3/bin/../lib/gcc/arm-none-eabi/5.4.1/armv7e-m/fpu/crtbegin.o

.ccmram         0x10000000        0x0 load address 0x080024a4
                0x10000000                . = ALIGN (0x4)
                0x10000000                _sccmram = .
 *(.ccmram)
 *(.ccmram*)
                0x10000000                . = ALIGN (0x4)
                0x10000000                _eccmram = .
                0x10000000                . = ALIGN (0x4)

.bss            0x20000074       0x2c
                0x20000074                _sbss = .
                0x20000074                __bss_start__ = _sbss
 *(.bss)
 .bss           0x20000074       0x1c d:/arm-none-eabi-gcc/5.4 2016q3/bin/../lib/gcc/arm-none-eabi/5.4.1/armv7e-m/fpu/crtbegin.o
 *(.bss*)
 .bss.__malloc_sbrk_start
                0x20000090        0x4 d:/arm-none-eabi-gcc/5.4 2016q3/bin/../lib/gcc/arm-none-eabi/5.4.1/../../../../arm-none-eabi/lib/armv7e-m/fpu\libc_nano.a(lib_a-nano-mallocr.o)
                0x20000090                __malloc_sbrk_start
 .bss.__malloc_free_list
                0x20000094        0x4 d:/arm-none-eabi-gcc/5.4 2016q3/bin/../lib/gcc/arm-none-eabi/5.4.1/../../../../arm-none-eabi/lib/armv7e-m/fpu\libc_nano.a(lib_a-nano-mallocr.o)
                0x20000094                __malloc_free_list
 .bss.heap_end.4169
                0x20000098        0x4 d:/arm-none-eabi-gcc/5.4 2016q3/bin/../lib/gcc/arm-none-eabi/5.4.1/../../../../arm-none-eabi/lib/armv7e-m/fpu\libnosys.a(sbrk.o)
 *(COMMON)
 COMMON         0x2000009c        0x4 d:/arm-none-eabi-gcc/5.4 2016q3/bin/../lib/gcc/arm-none-eabi/5.4.1/../../../../arm-none-eabi/lib/armv7e-m/fpu\libc_nano.a(lib_a-reent.o)
                0x2000009c                errno
                0x200000a0                . = ALIGN (0x4)
                0x200000a0                _ebss = .
                0x200000a0                __bss_end__ = _ebss

._user_heap_stack
                0x200000a0      0x600
                0x200000a0                . = ALIGN (0x8)
                0x200000a0                PROVIDE (end, .)
                [!provide]                PROVIDE (_end, .)
                0x200002a0                . = (. + _Min_Heap_Size)
 *fill*         0x200000a0      0x200 
                0x200006a0                . = (. + _Min_Stack_Size)
 *fill*         0x200002a0      0x400 
                0x200006a0                . = ALIGN (0x8)

/DISCARD/
 libc.a(*)
 libm.a(*)
 libgcc.a(*)

.ARM.attributes
                0x00000000       0x30
 *(.ARM.attributes)
 .ARM.attributes
                0x00000000       0x22 d:/arm-none-eabi-gcc/5.4 2016q3/bin/../lib/gcc/arm-none-eabi/5.4.1/armv7e-m/fpu/crti.o
 .ARM.attributes
                0x00000022       0x34 d:/arm-none-eabi-gcc/5.4 2016q3/bin/../lib/gcc/arm-none-eabi/5.4.1/armv7e-m/fpu/crtbegin.o
 .ARM.attributes
                0x00000056       0x39 build/main.o
 .ARM.attributes
                0x0000008f       0x39 build/system_stm32f4xx.o
 .ARM.attributes
                0x000000c8       0x39 build/stm32f4xx_it.o
 .ARM.attributes
                0x00000101       0x39 build/misc.o
 .ARM.attributes
                0x0000013a       0x39 build/stm32f4xx_gpio.o
 .ARM.attributes
                0x00000173       0x39 build/stm32f4xx_rcc.o
 .ARM.attributes
                0x000001ac       0x39 build/stm32f4xx_usart.o
 .ARM.attributes
                0x000001e5       0x39 build/rin_io.o
 .ARM.attributes
                0x0000021e       0x39 build/rin_portable.o
 .ARM.attributes
                0x00000257       0x39 build/rin_heartbeat.o
 .ARM.attributes
                0x00000290       0x39 build/usart.o
 .ARM.attributes
                0x000002c9       0x21 build/startup_stm32f40xx.o
 .ARM.attributes
                0x000002ea       0x34 d:/arm-none-eabi-gcc/5.4 2016q3/bin/../lib/gcc/arm-none-eabi/5.4.1/../../../../arm-none-eabi/lib/armv7e-m/fpu\libc_nano.a(lib_a-impure.o)
 .ARM.attributes
                0x0000031e       0x34 d:/arm-none-eabi-gcc/5.4 2016q3/bin/../lib/gcc/arm-none-eabi/5.4.1/../../../../arm-none-eabi/lib/armv7e-m/fpu\libc_nano.a(lib_a-init.o)
 .ARM.attributes
                0x00000352       0x34 d:/arm-none-eabi-gcc/5.4 2016q3/bin/../lib/gcc/arm-none-eabi/5.4.1/../../../../arm-none-eabi/lib/armv7e-m/fpu\libc_nano.a(lib_a-itoa.o)
 .ARM.attributes
                0x00000386       0x34 d:/arm-none-eabi-gcc/5.4 2016q3/bin/../lib/gcc/arm-none-eabi/5.4.1/../../../../arm-none-eabi/lib/armv7e-m/fpu\libc_nano.a(lib_a-memset.o)
 .ARM.attributes
                0x000003ba       0x34 d:/arm-none-eabi-gcc/5.4 2016q3/bin/../lib/gcc/arm-none-eabi/5.4.1/../../../../arm-none-eabi/lib/armv7e-m/fpu\libc_nano.a(lib_a-printf.o)
 .ARM.attributes
                0x000003ee       0x34 d:/arm-none-eabi-gcc/5.4 2016q3/bin/../lib/gcc/arm-none-eabi/5.4.1/../../../../arm-none-eabi/lib/armv7e-m/fpu\libc_nano.a(lib_a-puts.o)
 .ARM.attributes
                0x00000422       0x34 d:/arm-none-eabi-gcc/5.4 2016q3/bin/../lib/gcc/arm-none-eabi/5.4.1/../../../../arm-none-eabi/lib/armv7e-m/fpu\libc_nano.a(lib_a-utoa.o)
 .ARM.attributes
                0x00000456       0x34 d:/arm-none-eabi-gcc/5.4 2016q3/bin/../lib/gcc/arm-none-eabi/5.4.1/../../../../arm-none-eabi/lib/armv7e-m/fpu\libc_nano.a(lib_a-wbuf.o)
 .ARM.attributes
                0x0000048a       0x34 d:/arm-none-eabi-gcc/5.4 2016q3/bin/../lib/gcc/arm-none-eabi/5.4.1/../../../../arm-none-eabi/lib/armv7e-m/fpu\libc_nano.a(lib_a-wsetup.o)
 .ARM.attributes
                0x000004be       0x34 d:/arm-none-eabi-gcc/5.4 2016q3/bin/../lib/gcc/arm-none-eabi/5.4.1/../../../../arm-none-eabi/lib/armv7e-m/fpu\libc_nano.a(lib_a-fflush.o)
 .ARM.attributes
                0x000004f2       0x34 d:/arm-none-eabi-gcc/5.4 2016q3/bin/../lib/gcc/arm-none-eabi/5.4.1/../../../../arm-none-eabi/lib/armv7e-m/fpu\libc_nano.a(lib_a-findfp.o)
 .ARM.attributes
                0x00000526       0x34 d:/arm-none-eabi-gcc/5.4 2016q3/bin/../lib/gcc/arm-none-eabi/5.4.1/../../../../arm-none-eabi/lib/armv7e-m/fpu\libc_nano.a(lib_a-fwalk.o)
 .ARM.attributes
                0x0000055a       0x34 d:/arm-none-eabi-gcc/5.4 2016q3/bin/../lib/gcc/arm-none-eabi/5.4.1/../../../../arm-none-eabi/lib/armv7e-m/fpu\libc_nano.a(lib_a-makebuf.o)
 .ARM.attributes
                0x0000058e       0x34 d:/arm-none-eabi-gcc/5.4 2016q3/bin/../lib/gcc/arm-none-eabi/5.4.1/../../../../arm-none-eabi/lib/armv7e-m/fpu\libc_nano.a(lib_a-nano-freer.o)
 .ARM.attributes
                0x000005c2       0x34 d:/arm-none-eabi-gcc/5.4 2016q3/bin/../lib/gcc/arm-none-eabi/5.4.1/../../../../arm-none-eabi/lib/armv7e-m/fpu\libc_nano.a(lib_a-nano-mallocr.o)
 .ARM.attributes
                0x000005f6       0x34 d:/arm-none-eabi-gcc/5.4 2016q3/bin/../lib/gcc/arm-none-eabi/5.4.1/../../../../arm-none-eabi/lib/armv7e-m/fpu\libc_nano.a(lib_a-nano-vfprintf.o)
 .ARM.attributes
                0x0000062a       0x34 d:/arm-none-eabi-gcc/5.4 2016q3/bin/../lib/gcc/arm-none-eabi/5.4.1/../../../../arm-none-eabi/lib/armv7e-m/fpu\libc_nano.a(lib_a-nano-vfprintf_i.o)
 .ARM.attributes
                0x0000065e       0x34 d:/arm-none-eabi-gcc/5.4 2016q3/bin/../lib/gcc/arm-none-eabi/5.4.1/../../../../arm-none-eabi/lib/armv7e-m/fpu\libc_nano.a(lib_a-sbrkr.o)
 .ARM.attributes
                0x00000692       0x34 d:/arm-none-eabi-gcc/5.4 2016q3/bin/../lib/gcc/arm-none-eabi/5.4.1/../../../../arm-none-eabi/lib/armv7e-m/fpu\libc_nano.a(lib_a-stdio.o)
 .ARM.attributes
                0x000006c6       0x34 d:/arm-none-eabi-gcc/5.4 2016q3/bin/../lib/gcc/arm-none-eabi/5.4.1/../../../../arm-none-eabi/lib/armv7e-m/fpu\libc_nano.a(lib_a-writer.o)
 .ARM.attributes
                0x000006fa       0x34 d:/arm-none-eabi-gcc/5.4 2016q3/bin/../lib/gcc/arm-none-eabi/5.4.1/../../../../arm-none-eabi/lib/armv7e-m/fpu\libc_nano.a(lib_a-closer.o)
 .ARM.attributes
                0x0000072e       0x34 d:/arm-none-eabi-gcc/5.4 2016q3/bin/../lib/gcc/arm-none-eabi/5.4.1/../../../../arm-none-eabi/lib/armv7e-m/fpu\libc_nano.a(lib_a-fstatr.o)
 .ARM.attributes
                0x00000762       0x34 d:/arm-none-eabi-gcc/5.4 2016q3/bin/../lib/gcc/arm-none-eabi/5.4.1/../../../../arm-none-eabi/lib/armv7e-m/fpu\libc_nano.a(lib_a-isattyr.o)
 .ARM.attributes
                0x00000796       0x34 d:/arm-none-eabi-gcc/5.4 2016q3/bin/../lib/gcc/arm-none-eabi/5.4.1/../../../../arm-none-eabi/lib/armv7e-m/fpu\libc_nano.a(lib_a-lseekr.o)
 .ARM.attributes
                0x000007ca       0x20 d:/arm-none-eabi-gcc/5.4 2016q3/bin/../lib/gcc/arm-none-eabi/5.4.1/../../../../arm-none-eabi/lib/armv7e-m/fpu\libc_nano.a(lib_a-memchr.o)
 .ARM.attributes
                0x000007ea       0x34 d:/arm-none-eabi-gcc/5.4 2016q3/bin/../lib/gcc/arm-none-eabi/5.4.1/../../../../arm-none-eabi/lib/armv7e-m/fpu\libc_nano.a(lib_a-mlock.o)
 .ARM.attributes
                0x0000081e       0x34 d:/arm-none-eabi-gcc/5.4 2016q3/bin/../lib/gcc/arm-none-eabi/5.4.1/../../../../arm-none-eabi/lib/armv7e-m/fpu\libc_nano.a(lib_a-readr.o)
 .ARM.attributes
                0x00000852       0x34 d:/arm-none-eabi-gcc/5.4 2016q3/bin/../lib/gcc/arm-none-eabi/5.4.1/../../../../arm-none-eabi/lib/armv7e-m/fpu\libc_nano.a(lib_a-reent.o)
 .ARM.attributes
                0x00000886       0x34 d:/arm-none-eabi-gcc/5.4 2016q3/bin/../lib/gcc/arm-none-eabi/5.4.1/../../../../arm-none-eabi/lib/armv7e-m/fpu\libnosys.a(close.o)
 .ARM.attributes
                0x000008ba       0x34 d:/arm-none-eabi-gcc/5.4 2016q3/bin/../lib/gcc/arm-none-eabi/5.4.1/../../../../arm-none-eabi/lib/armv7e-m/fpu\libnosys.a(fstat.o)
 .ARM.attributes
                0x000008ee       0x34 d:/arm-none-eabi-gcc/5.4 2016q3/bin/../lib/gcc/arm-none-eabi/5.4.1/../../../../arm-none-eabi/lib/armv7e-m/fpu\libnosys.a(isatty.o)
 .ARM.attributes
                0x00000922       0x34 d:/arm-none-eabi-gcc/5.4 2016q3/bin/../lib/gcc/arm-none-eabi/5.4.1/../../../../arm-none-eabi/lib/armv7e-m/fpu\libnosys.a(lseek.o)
 .ARM.attributes
                0x00000956       0x34 d:/arm-none-eabi-gcc/5.4 2016q3/bin/../lib/gcc/arm-none-eabi/5.4.1/../../../../arm-none-eabi/lib/armv7e-m/fpu\libnosys.a(read.o)
 .ARM.attributes
                0x0000098a       0x34 d:/arm-none-eabi-gcc/5.4 2016q3/bin/../lib/gcc/arm-none-eabi/5.4.1/../../../../arm-none-eabi/lib/armv7e-m/fpu\libnosys.a(sbrk.o)
 .ARM.attributes
                0x000009be       0x22 d:/arm-none-eabi-gcc/5.4 2016q3/bin/../lib/gcc/arm-none-eabi/5.4.1/armv7e-m/fpu\libgcc.a(_arm_addsubdf3.o)
 .ARM.attributes
                0x000009e0       0x22 d:/arm-none-eabi-gcc/5.4 2016q3/bin/../lib/gcc/arm-none-eabi/5.4.1/armv7e-m/fpu\libgcc.a(_arm_muldivdf3.o)
 .ARM.attributes
                0x00000a02       0x22 d:/arm-none-eabi-gcc/5.4 2016q3/bin/../lib/gcc/arm-none-eabi/5.4.1/armv7e-m/fpu\libgcc.a(_arm_fixunsdfsi.o)
 .ARM.attributes
                0x00000a24       0x22 d:/arm-none-eabi-gcc/5.4 2016q3/bin/../lib/gcc/arm-none-eabi/5.4.1/armv7e-m/fpu/crtn.o
OUTPUT(build/RinOS.elf elf32-littlearm)

.debug_info     0x00000000     0x4856
 .debug_info    0x00000000      0x150 build/main.o
 .debug_info    0x00000150      0x6bc build/system_stm32f4xx.o
 .debug_info    0x0000080c      0x219 build/stm32f4xx_it.o
 .debug_info    0x00000a25      0x5d2 build/misc.o
 .debug_info    0x00000ff7      0x8aa build/stm32f4xx_gpio.o
 .debug_info    0x000018a1      0xfcd build/stm32f4xx_rcc.o
 .debug_info    0x0000286e      0xc56 build/stm32f4xx_usart.o
 .debug_info    0x000034c4      0x3fb build/rin_io.o
 .debug_info    0x000038bf      0x372 build/rin_portable.o
 .debug_info    0x00003c31      0x33d build/rin_heartbeat.o
 .debug_info    0x00003f6e      0x886 build/usart.o
 .debug_info    0x000047f4       0x62 build/startup_stm32f40xx.o

.debug_abbrev   0x00000000     0x1074
 .debug_abbrev  0x00000000       0xc0 build/main.o
 .debug_abbrev  0x000000c0      0x158 build/system_stm32f4xx.o
 .debug_abbrev  0x00000218       0xf8 build/stm32f4xx_it.o
 .debug_abbrev  0x00000310      0x156 build/misc.o
 .debug_abbrev  0x00000466      0x219 build/stm32f4xx_gpio.o
 .debug_abbrev  0x0000067f      0x21c build/stm32f4xx_rcc.o
 .debug_abbrev  0x0000089b      0x1f4 build/stm32f4xx_usart.o
 .debug_abbrev  0x00000a8f      0x172 build/rin_io.o
 .debug_abbrev  0x00000c01      0x1b2 build/rin_portable.o
 .debug_abbrev  0x00000db3      0x13d build/rin_heartbeat.o
 .debug_abbrev  0x00000ef0      0x172 build/usart.o
 .debug_abbrev  0x00001062       0x12 build/startup_stm32f40xx.o

.debug_loc      0x00000000     0x21f5
 .debug_loc     0x00000000       0x20 build/main.o
 .debug_loc     0x00000020      0x17e build/system_stm32f4xx.o
 .debug_loc     0x0000019e       0xa0 build/stm32f4xx_it.o
 .debug_loc     0x0000023e      0x1d5 build/misc.o
 .debug_loc     0x00000413      0x409 build/stm32f4xx_gpio.o
 .debug_loc     0x0000081c      0xc2f build/stm32f4xx_rcc.o
 .debug_loc     0x0000144b      0x821 build/stm32f4xx_usart.o
 .debug_loc     0x00001c6c      0x3e4 build/rin_io.o
 .debug_loc     0x00002050      0x115 build/rin_portable.o
 .debug_loc     0x00002165       0x38 build/rin_heartbeat.o
 .debug_loc     0x0000219d       0x58 build/usart.o

.debug_aranges  0x00000000      0x4f0
 .debug_aranges
                0x00000000       0x20 build/main.o
 .debug_aranges
                0x00000020       0x30 build/system_stm32f4xx.o
 .debug_aranges
                0x00000050       0x50 build/stm32f4xx_it.o
 .debug_aranges
                0x000000a0       0x40 build/misc.o
 .debug_aranges
                0x000000e0       0x88 build/stm32f4xx_gpio.o
 .debug_aranges
                0x00000168      0x1c0 build/stm32f4xx_rcc.o
 .debug_aranges
                0x00000328      0x100 build/stm32f4xx_usart.o
 .debug_aranges
                0x00000428       0x28 build/rin_io.o
 .debug_aranges
                0x00000450       0x30 build/rin_portable.o
 .debug_aranges
                0x00000480       0x20 build/rin_heartbeat.o
 .debug_aranges
                0x000004a0       0x28 build/usart.o
 .debug_aranges
                0x000004c8       0x28 build/startup_stm32f40xx.o

.debug_ranges   0x00000000      0x450
 .debug_ranges  0x00000000       0x10 build/main.o
 .debug_ranges  0x00000010       0x20 build/system_stm32f4xx.o
 .debug_ranges  0x00000030       0x40 build/stm32f4xx_it.o
 .debug_ranges  0x00000070       0x30 build/misc.o
 .debug_ranges  0x000000a0       0x78 build/stm32f4xx_gpio.o
 .debug_ranges  0x00000118      0x1b0 build/stm32f4xx_rcc.o
 .debug_ranges  0x000002c8       0xf0 build/stm32f4xx_usart.o
 .debug_ranges  0x000003b8       0x18 build/rin_io.o
 .debug_ranges  0x000003d0       0x38 build/rin_portable.o
 .debug_ranges  0x00000408       0x10 build/rin_heartbeat.o
 .debug_ranges  0x00000418       0x18 build/usart.o
 .debug_ranges  0x00000430       0x20 build/startup_stm32f40xx.o

.debug_line     0x00000000     0x187d
 .debug_line    0x00000000      0x162 build/main.o
 .debug_line    0x00000162      0x182 build/system_stm32f4xx.o
 .debug_line    0x000002e4      0x1b8 build/stm32f4xx_it.o
 .debug_line    0x0000049c      0x172 build/misc.o
 .debug_line    0x0000060e      0x275 build/stm32f4xx_gpio.o
 .debug_line    0x00000883      0x53d build/stm32f4xx_rcc.o
 .debug_line    0x00000dc0      0x3b0 build/stm32f4xx_usart.o
 .debug_line    0x00001170      0x232 build/rin_io.o
 .debug_line    0x000013a2      0x198 build/rin_portable.o
 .debug_line    0x0000153a      0x148 build/rin_heartbeat.o
 .debug_line    0x00001682      0x17e build/usart.o
 .debug_line    0x00001800       0x7d build/startup_stm32f40xx.o

.debug_str      0x00000000     0x19b2
 .debug_str     0x00000000      0x188 build/main.o
                                0x1ce (size before relaxing)
 .debug_str     0x00000188      0x247 build/system_stm32f4xx.o
                                0x401 (size before relaxing)
 .debug_str     0x000003cf       0x9a build/stm32f4xx_it.o
                                0x246 (size before relaxing)
 .debug_str     0x00000469      0x1c9 build/misc.o
                                0x3f7 (size before relaxing)
 .debug_str     0x00000632      0x315 build/stm32f4xx_gpio.o
                                0x4e0 (size before relaxing)
 .debug_str     0x00000947      0x675 build/stm32f4xx_rcc.o
                                0x9eb (size before relaxing)
 .debug_str     0x00000fbc      0x406 build/stm32f4xx_usart.o
                                0x6f8 (size before relaxing)
 .debug_str     0x000013c2       0x58 build/rin_io.o
                                0x230 (size before relaxing)
 .debug_str     0x0000141a       0x39 build/rin_portable.o
                                0x2ae (size before relaxing)
 .debug_str     0x00001453       0x2d build/rin_heartbeat.o
                                0x39d (size before relaxing)
 .debug_str     0x00001480      0x532 build/usart.o
                                0xa74 (size before relaxing)

.comment        0x00000000       0x6e
 .comment       0x00000000       0x6e build/main.o
                                 0x6f (size before relaxing)
 .comment       0x0000006e       0x6f build/system_stm32f4xx.o
 .comment       0x0000006e       0x6f build/stm32f4xx_it.o
 .comment       0x0000006e       0x6f build/misc.o
 .comment       0x0000006e       0x6f build/stm32f4xx_gpio.o
 .comment       0x0000006e       0x6f build/stm32f4xx_rcc.o
 .comment       0x0000006e       0x6f build/stm32f4xx_usart.o
 .comment       0x0000006e       0x6f build/rin_io.o
 .comment       0x0000006e       0x6f build/rin_portable.o
 .comment       0x0000006e       0x6f build/rin_heartbeat.o
 .comment       0x0000006e       0x6f build/usart.o

.debug_frame    0x00000000     0x126c
 .debug_frame   0x00000000       0x2c build/main.o
 .debug_frame   0x0000002c       0x54 build/system_stm32f4xx.o
 .debug_frame   0x00000080       0xbc build/stm32f4xx_it.o
 .debug_frame   0x0000013c       0x78 build/misc.o
 .debug_frame   0x000001b4      0x12c build/stm32f4xx_gpio.o
 .debug_frame   0x000002e0      0x378 build/stm32f4xx_rcc.o
 .debug_frame   0x00000658      0x228 build/stm32f4xx_usart.o
 .debug_frame   0x00000880       0x88 build/rin_io.o
 .debug_frame   0x00000908       0x5c build/rin_portable.o
 .debug_frame   0x00000964       0x2c build/rin_heartbeat.o
 .debug_frame   0x00000990       0x54 build/usart.o
 .debug_frame   0x000009e4       0x2c d:/arm-none-eabi-gcc/5.4 2016q3/bin/../lib/gcc/arm-none-eabi/5.4.1/../../../../arm-none-eabi/lib/armv7e-m/fpu\libc_nano.a(lib_a-init.o)
 .debug_frame   0x00000a10       0x38 d:/arm-none-eabi-gcc/5.4 2016q3/bin/../lib/gcc/arm-none-eabi/5.4.1/../../../../arm-none-eabi/lib/armv7e-m/fpu\libc_nano.a(lib_a-itoa.o)
 .debug_frame   0x00000a48       0x20 d:/arm-none-eabi-gcc/5.4 2016q3/bin/../lib/gcc/arm-none-eabi/5.4.1/../../../../arm-none-eabi/lib/armv7e-m/fpu\libc_nano.a(lib_a-memset.o)
 .debug_frame   0x00000a68       0x74 d:/arm-none-eabi-gcc/5.4 2016q3/bin/../lib/gcc/arm-none-eabi/5.4.1/../../../../arm-none-eabi/lib/armv7e-m/fpu\libc_nano.a(lib_a-printf.o)
 .debug_frame   0x00000adc       0x3c d:/arm-none-eabi-gcc/5.4 2016q3/bin/../lib/gcc/arm-none-eabi/5.4.1/../../../../arm-none-eabi/lib/armv7e-m/fpu\libc_nano.a(lib_a-puts.o)
 .debug_frame   0x00000b18       0x44 d:/arm-none-eabi-gcc/5.4 2016q3/bin/../lib/gcc/arm-none-eabi/5.4.1/../../../../arm-none-eabi/lib/armv7e-m/fpu\libc_nano.a(lib_a-utoa.o)
 .debug_frame   0x00000b5c       0x40 d:/arm-none-eabi-gcc/5.4 2016q3/bin/../lib/gcc/arm-none-eabi/5.4.1/../../../../arm-none-eabi/lib/armv7e-m/fpu\libc_nano.a(lib_a-wbuf.o)
 .debug_frame   0x00000b9c       0x2c d:/arm-none-eabi-gcc/5.4 2016q3/bin/../lib/gcc/arm-none-eabi/5.4.1/../../../../arm-none-eabi/lib/armv7e-m/fpu\libc_nano.a(lib_a-wsetup.o)
 .debug_frame   0x00000bc8       0x68 d:/arm-none-eabi-gcc/5.4 2016q3/bin/../lib/gcc/arm-none-eabi/5.4.1/../../../../arm-none-eabi/lib/armv7e-m/fpu\libc_nano.a(lib_a-fflush.o)
 .debug_frame   0x00000c30      0x11c d:/arm-none-eabi-gcc/5.4 2016q3/bin/../lib/gcc/arm-none-eabi/5.4.1/../../../../arm-none-eabi/lib/armv7e-m/fpu\libc_nano.a(lib_a-findfp.o)
 .debug_frame   0x00000d4c       0x54 d:/arm-none-eabi-gcc/5.4 2016q3/bin/../lib/gcc/arm-none-eabi/5.4.1/../../../../arm-none-eabi/lib/armv7e-m/fpu\libc_nano.a(lib_a-fwalk.o)
 .debug_frame   0x00000da0       0x54 d:/arm-none-eabi-gcc/5.4 2016q3/bin/../lib/gcc/arm-none-eabi/5.4.1/../../../../arm-none-eabi/lib/armv7e-m/fpu\libc_nano.a(lib_a-makebuf.o)
 .debug_frame   0x00000df4       0x38 d:/arm-none-eabi-gcc/5.4 2016q3/bin/../lib/gcc/arm-none-eabi/5.4.1/../../../../arm-none-eabi/lib/armv7e-m/fpu\libc_nano.a(lib_a-nano-freer.o)
 .debug_frame   0x00000e2c       0x2c d:/arm-none-eabi-gcc/5.4 2016q3/bin/../lib/gcc/arm-none-eabi/5.4.1/../../../../arm-none-eabi/lib/armv7e-m/fpu\libc_nano.a(lib_a-nano-mallocr.o)
 .debug_frame   0x00000e58       0xac d:/arm-none-eabi-gcc/5.4 2016q3/bin/../lib/gcc/arm-none-eabi/5.4.1/../../../../arm-none-eabi/lib/armv7e-m/fpu\libc_nano.a(lib_a-nano-vfprintf.o)
 .debug_frame   0x00000f04       0x60 d:/arm-none-eabi-gcc/5.4 2016q3/bin/../lib/gcc/arm-none-eabi/5.4.1/../../../../arm-none-eabi/lib/armv7e-m/fpu\libc_nano.a(lib_a-nano-vfprintf_i.o)
 .debug_frame   0x00000f64       0x2c d:/arm-none-eabi-gcc/5.4 2016q3/bin/../lib/gcc/arm-none-eabi/5.4.1/../../../../arm-none-eabi/lib/armv7e-m/fpu\libc_nano.a(lib_a-sbrkr.o)
 .debug_frame   0x00000f90       0x88 d:/arm-none-eabi-gcc/5.4 2016q3/bin/../lib/gcc/arm-none-eabi/5.4.1/../../../../arm-none-eabi/lib/armv7e-m/fpu\libc_nano.a(lib_a-stdio.o)
 .debug_frame   0x00001018       0x2c d:/arm-none-eabi-gcc/5.4 2016q3/bin/../lib/gcc/arm-none-eabi/5.4.1/../../../../arm-none-eabi/lib/armv7e-m/fpu\libc_nano.a(lib_a-writer.o)
 .debug_frame   0x00001044       0x2c d:/arm-none-eabi-gcc/5.4 2016q3/bin/../lib/gcc/arm-none-eabi/5.4.1/../../../../arm-none-eabi/lib/armv7e-m/fpu\libc_nano.a(lib_a-closer.o)
 .debug_frame   0x00001070       0x2c d:/arm-none-eabi-gcc/5.4 2016q3/bin/../lib/gcc/arm-none-eabi/5.4.1/../../../../arm-none-eabi/lib/armv7e-m/fpu\libc_nano.a(lib_a-fstatr.o)
 .debug_frame   0x0000109c       0x2c d:/arm-none-eabi-gcc/5.4 2016q3/bin/../lib/gcc/arm-none-eabi/5.4.1/../../../../arm-none-eabi/lib/armv7e-m/fpu\libc_nano.a(lib_a-isattyr.o)
 .debug_frame   0x000010c8       0x2c d:/arm-none-eabi-gcc/5.4 2016q3/bin/../lib/gcc/arm-none-eabi/5.4.1/../../../../arm-none-eabi/lib/armv7e-m/fpu\libc_nano.a(lib_a-lseekr.o)
 .debug_frame   0x000010f4       0x30 d:/arm-none-eabi-gcc/5.4 2016q3/bin/../lib/gcc/arm-none-eabi/5.4.1/../../../../arm-none-eabi/lib/armv7e-m/fpu\libc_nano.a(lib_a-mlock.o)
 .debug_frame   0x00001124       0x2c d:/arm-none-eabi-gcc/5.4 2016q3/bin/../lib/gcc/arm-none-eabi/5.4.1/../../../../arm-none-eabi/lib/armv7e-m/fpu\libc_nano.a(lib_a-readr.o)
 .debug_frame   0x00001150       0x5c d:/arm-none-eabi-gcc/5.4 2016q3/bin/../lib/gcc/arm-none-eabi/5.4.1/../../../../arm-none-eabi/lib/armv7e-m/fpu\libc_nano.a(lib_a-reent.o)
 .debug_frame   0x000011ac       0x20 d:/arm-none-eabi-gcc/5.4 2016q3/bin/../lib/gcc/arm-none-eabi/5.4.1/../../../../arm-none-eabi/lib/armv7e-m/fpu\libnosys.a(close.o)
 .debug_frame   0x000011cc       0x20 d:/arm-none-eabi-gcc/5.4 2016q3/bin/../lib/gcc/arm-none-eabi/5.4.1/../../../../arm-none-eabi/lib/armv7e-m/fpu\libnosys.a(fstat.o)
 .debug_frame   0x000011ec       0x20 d:/arm-none-eabi-gcc/5.4 2016q3/bin/../lib/gcc/arm-none-eabi/5.4.1/../../../../arm-none-eabi/lib/armv7e-m/fpu\libnosys.a(isatty.o)
 .debug_frame   0x0000120c       0x20 d:/arm-none-eabi-gcc/5.4 2016q3/bin/../lib/gcc/arm-none-eabi/5.4.1/../../../../arm-none-eabi/lib/armv7e-m/fpu\libnosys.a(lseek.o)
 .debug_frame   0x0000122c       0x20 d:/arm-none-eabi-gcc/5.4 2016q3/bin/../lib/gcc/arm-none-eabi/5.4.1/../../../../arm-none-eabi/lib/armv7e-m/fpu\libnosys.a(read.o)
 .debug_frame   0x0000124c       0x20 d:/arm-none-eabi-gcc/5.4 2016q3/bin/../lib/gcc/arm-none-eabi/5.4.1/../../../../arm-none-eabi/lib/armv7e-m/fpu\libnosys.a(sbrk.o)

.stab           0x00000000       0x84
 .stab          0x00000000       0x24 d:/arm-none-eabi-gcc/5.4 2016q3/bin/../lib/gcc/arm-none-eabi/5.4.1/../../../../arm-none-eabi/lib/armv7e-m/fpu\libnosys.a(close.o)
 .stab          0x00000024       0x18 d:/arm-none-eabi-gcc/5.4 2016q3/bin/../lib/gcc/arm-none-eabi/5.4.1/../../../../arm-none-eabi/lib/armv7e-m/fpu\libnosys.a(fstat.o)
                                 0x24 (size before relaxing)
 .stab          0x0000003c       0x18 d:/arm-none-eabi-gcc/5.4 2016q3/bin/../lib/gcc/arm-none-eabi/5.4.1/../../../../arm-none-eabi/lib/armv7e-m/fpu\libnosys.a(isatty.o)
                                 0x24 (size before relaxing)
 .stab          0x00000054       0x18 d:/arm-none-eabi-gcc/5.4 2016q3/bin/../lib/gcc/arm-none-eabi/5.4.1/../../../../arm-none-eabi/lib/armv7e-m/fpu\libnosys.a(lseek.o)
                                 0x24 (size before relaxing)
 .stab          0x0000006c       0x18 d:/arm-none-eabi-gcc/5.4 2016q3/bin/../lib/gcc/arm-none-eabi/5.4.1/../../../../arm-none-eabi/lib/armv7e-m/fpu\libnosys.a(read.o)
                                 0x24 (size before relaxing)

.stabstr        0x00000000      0x117
 .stabstr       0x00000000      0x117 d:/arm-none-eabi-gcc/5.4 2016q3/bin/../lib/gcc/arm-none-eabi/5.4.1/../../../../arm-none-eabi/lib/armv7e-m/fpu\libnosys.a(close.o)

Cross Reference Table

Symbol                                            File
ADC_IRQHandler                                    build/startup_stm32f40xx.o
AHBPrescTable                                     build/system_stm32f4xx.o
BusFault_Handler                                  build/stm32f4xx_it.o
CAN1_RX0_IRQHandler                               build/startup_stm32f40xx.o
CAN1_RX1_IRQHandler                               build/startup_stm32f40xx.o
CAN1_SCE_IRQHandler                               build/startup_stm32f40xx.o
CAN1_TX_IRQHandler                                build/startup_stm32f40xx.o
CAN2_RX0_IRQHandler                               build/startup_stm32f40xx.o
CAN2_RX1_IRQHandler                               build/startup_stm32f40xx.o
CAN2_SCE_IRQHandler                               build/startup_stm32f40xx.o
CAN2_TX_IRQHandler                                build/startup_stm32f40xx.o
CRYP_IRQHandler                                   build/startup_stm32f40xx.o
DCMI_IRQHandler                                   build/startup_stm32f40xx.o
DMA1_Stream0_IRQHandler                           build/startup_stm32f40xx.o
DMA1_Stream1_IRQHandler                           build/startup_stm32f40xx.o
DMA1_Stream2_IRQHandler                           build/startup_stm32f40xx.o
DMA1_Stream3_IRQHandler                           build/startup_stm32f40xx.o
DMA1_Stream4_IRQHandler                           build/startup_stm32f40xx.o
DMA1_Stream5_IRQHandler                           build/startup_stm32f40xx.o
DMA1_Stream6_IRQHandler                           build/startup_stm32f40xx.o
DMA1_Stream7_IRQHandler                           build/startup_stm32f40xx.o
DMA2_Stream0_IRQHandler                           build/startup_stm32f40xx.o
DMA2_Stream1_IRQHandler                           build/startup_stm32f40xx.o
DMA2_Stream2_IRQHandler                           build/startup_stm32f40xx.o
DMA2_Stream3_IRQHandler                           build/startup_stm32f40xx.o
DMA2_Stream4_IRQHandler                           build/startup_stm32f40xx.o
DMA2_Stream5_IRQHandler                           build/startup_stm32f40xx.o
DMA2_Stream6_IRQHandler                           build/startup_stm32f40xx.o
DMA2_Stream7_IRQHandler                           build/startup_stm32f40xx.o
DebugMon_Handler                                  build/stm32f4xx_it.o
Default_Handler                                   build/startup_stm32f40xx.o
ETH_IRQHandler                                    build/startup_stm32f40xx.o
ETH_WKUP_IRQHandler                               build/startup_stm32f40xx.o
EXTI0_IRQHandler                                  build/startup_stm32f40xx.o
EXTI15_10_IRQHandler                              build/startup_stm32f40xx.o
EXTI1_IRQHandler                                  build/startup_stm32f40xx.o
EXTI2_IRQHandler                                  build/startup_stm32f40xx.o
EXTI3_IRQHandler                                  build/startup_stm32f40xx.o
EXTI4_IRQHandler                                  build/startup_stm32f40xx.o
EXTI9_5_IRQHandler                                build/startup_stm32f40xx.o
FLASH_IRQHandler                                  build/startup_stm32f40xx.o
FPU_IRQHandler                                    build/startup_stm32f40xx.o
FSMC_IRQHandler                                   build/startup_stm32f40xx.o
GPIO_DeInit                                       build/stm32f4xx_gpio.o
GPIO_Init                                         build/stm32f4xx_gpio.o
                                                  build/usart.o
                                                  build/rin_heartbeat.o
GPIO_PinAFConfig                                  build/stm32f4xx_gpio.o
                                                  build/usart.o
GPIO_PinLockConfig                                build/stm32f4xx_gpio.o
GPIO_ReadInputData                                build/stm32f4xx_gpio.o
GPIO_ReadInputDataBit                             build/stm32f4xx_gpio.o
GPIO_ReadOutputData                               build/stm32f4xx_gpio.o
GPIO_ReadOutputDataBit                            build/stm32f4xx_gpio.o
GPIO_ResetBits                                    build/stm32f4xx_gpio.o
GPIO_SetBits                                      build/stm32f4xx_gpio.o
GPIO_StructInit                                   build/stm32f4xx_gpio.o
GPIO_ToggleBits                                   build/stm32f4xx_gpio.o
GPIO_Write                                        build/stm32f4xx_gpio.o
GPIO_WriteBit                                     build/stm32f4xx_gpio.o
HASH_RNG_IRQHandler                               build/startup_stm32f40xx.o
HardFault_Handler                                 build/stm32f4xx_it.o
I2C1_ER_IRQHandler                                build/startup_stm32f40xx.o
I2C1_EV_IRQHandler                                build/startup_stm32f40xx.o
I2C2_ER_IRQHandler                                build/startup_stm32f40xx.o
I2C2_EV_IRQHandler                                build/startup_stm32f40xx.o
I2C3_ER_IRQHandler                                build/startup_stm32f40xx.o
I2C3_EV_IRQHandler                                build/startup_stm32f40xx.o
LED_init                                          build/rin_heartbeat.o
                                                  build/main.o
MemManage_Handler                                 build/stm32f4xx_it.o
NMI_Handler                                       build/stm32f4xx_it.o
NVIC_Init                                         build/misc.o
                                                  build/usart.o
NVIC_PriorityGroupConfig                          build/misc.o
NVIC_SetVectorTable                               build/misc.o
NVIC_SystemLPConfig                               build/misc.o
OTG_FS_IRQHandler                                 build/startup_stm32f40xx.o
OTG_FS_WKUP_IRQHandler                            build/startup_stm32f40xx.o
OTG_HS_EP1_IN_IRQHandler                          build/startup_stm32f40xx.o
OTG_HS_EP1_OUT_IRQHandler                         build/startup_stm32f40xx.o
OTG_HS_IRQHandler                                 build/startup_stm32f40xx.o
OTG_HS_WKUP_IRQHandler                            build/startup_stm32f40xx.o
PVD_IRQHandler                                    build/startup_stm32f40xx.o
PendSV_Handler                                    build/startup_stm32f40xx.o
RCC_AHB1PeriphClockCmd                            build/stm32f4xx_rcc.o
                                                  build/usart.o
                                                  build/rin_heartbeat.o
RCC_AHB1PeriphClockLPModeCmd                      build/stm32f4xx_rcc.o
RCC_AHB1PeriphResetCmd                            build/stm32f4xx_rcc.o
                                                  build/stm32f4xx_gpio.o
RCC_AHB2PeriphClockCmd                            build/stm32f4xx_rcc.o
RCC_AHB2PeriphClockLPModeCmd                      build/stm32f4xx_rcc.o
RCC_AHB2PeriphResetCmd                            build/stm32f4xx_rcc.o
RCC_AHB3PeriphClockCmd                            build/stm32f4xx_rcc.o
RCC_AHB3PeriphClockLPModeCmd                      build/stm32f4xx_rcc.o
RCC_AHB3PeriphResetCmd                            build/stm32f4xx_rcc.o
RCC_APB1PeriphClockCmd                            build/stm32f4xx_rcc.o
                                                  build/usart.o
RCC_APB1PeriphClockLPModeCmd                      build/stm32f4xx_rcc.o
RCC_APB1PeriphResetCmd                            build/stm32f4xx_rcc.o
                                                  build/stm32f4xx_usart.o
RCC_APB2PeriphClockCmd                            build/stm32f4xx_rcc.o
RCC_APB2PeriphClockLPModeCmd                      build/stm32f4xx_rcc.o
RCC_APB2PeriphResetCmd                            build/stm32f4xx_rcc.o
                                                  build/stm32f4xx_usart.o
RCC_AdjustHSICalibrationValue                     build/stm32f4xx_rcc.o
RCC_BackupResetCmd                                build/stm32f4xx_rcc.o
RCC_ClearFlag                                     build/stm32f4xx_rcc.o
RCC_ClearITPendingBit                             build/stm32f4xx_rcc.o
RCC_ClockSecuritySystemCmd                        build/stm32f4xx_rcc.o
RCC_DeInit                                        build/stm32f4xx_rcc.o
RCC_GetClocksFreq                                 build/stm32f4xx_rcc.o
                                                  build/stm32f4xx_usart.o
RCC_GetFlagStatus                                 build/stm32f4xx_rcc.o
RCC_GetITStatus                                   build/stm32f4xx_rcc.o
RCC_GetSYSCLKSource                               build/stm32f4xx_rcc.o
RCC_HCLKConfig                                    build/stm32f4xx_rcc.o
RCC_HSEConfig                                     build/stm32f4xx_rcc.o
RCC_HSICmd                                        build/stm32f4xx_rcc.o
RCC_I2SCLKConfig                                  build/stm32f4xx_rcc.o
RCC_IRQHandler                                    build/startup_stm32f40xx.o
RCC_ITConfig                                      build/stm32f4xx_rcc.o
RCC_LSEConfig                                     build/stm32f4xx_rcc.o
RCC_LSEModeConfig                                 build/stm32f4xx_rcc.o
RCC_LSICmd                                        build/stm32f4xx_rcc.o
RCC_LTDCCLKDivConfig                              build/stm32f4xx_rcc.o
RCC_MCO1Config                                    build/stm32f4xx_rcc.o
RCC_MCO2Config                                    build/stm32f4xx_rcc.o
RCC_PCLK1Config                                   build/stm32f4xx_rcc.o
RCC_PCLK2Config                                   build/stm32f4xx_rcc.o
RCC_PLLCmd                                        build/stm32f4xx_rcc.o
RCC_PLLConfig                                     build/stm32f4xx_rcc.o
RCC_PLLI2SCmd                                     build/stm32f4xx_rcc.o
RCC_PLLI2SConfig                                  build/stm32f4xx_rcc.o
RCC_PLLSAICmd                                     build/stm32f4xx_rcc.o
RCC_PLLSAIConfig                                  build/stm32f4xx_rcc.o
RCC_RTCCLKCmd                                     build/stm32f4xx_rcc.o
RCC_RTCCLKConfig                                  build/stm32f4xx_rcc.o
RCC_SAIBlockACLKConfig                            build/stm32f4xx_rcc.o
RCC_SAIBlockBCLKConfig                            build/stm32f4xx_rcc.o
RCC_SAIPLLI2SClkDivConfig                         build/stm32f4xx_rcc.o
RCC_SAIPLLSAIClkDivConfig                         build/stm32f4xx_rcc.o
RCC_SYSCLKConfig                                  build/stm32f4xx_rcc.o
RCC_TIMCLKPresConfig                              build/stm32f4xx_rcc.o
RCC_WaitForHSEStartUp                             build/stm32f4xx_rcc.o
RTC_Alarm_IRQHandler                              build/startup_stm32f40xx.o
RTC_WKUP_IRQHandler                               build/startup_stm32f40xx.o
Reset_Handler                                     build/startup_stm32f40xx.o
SDIO_IRQHandler                                   build/startup_stm32f40xx.o
SPI1_IRQHandler                                   build/startup_stm32f40xx.o
SPI2_IRQHandler                                   build/startup_stm32f40xx.o
SPI3_IRQHandler                                   build/startup_stm32f40xx.o
SVC_Handler                                       build/stm32f4xx_it.o
SysTick_CLKSourceConfig                           build/misc.o
SysTick_Handler                                   build/startup_stm32f40xx.o
SystemCoreClock                                   build/system_stm32f4xx.o
SystemCoreClockUpdate                             build/system_stm32f4xx.o
SystemInit                                        build/system_stm32f4xx.o
                                                  build/startup_stm32f40xx.o
TAMP_STAMP_IRQHandler                             build/startup_stm32f40xx.o
TIM1_BRK_TIM9_IRQHandler                          build/startup_stm32f40xx.o
TIM1_CC_IRQHandler                                build/startup_stm32f40xx.o
TIM1_TRG_COM_TIM11_IRQHandler                     build/startup_stm32f40xx.o
TIM1_UP_TIM10_IRQHandler                          build/startup_stm32f40xx.o
TIM2_IRQHandler                                   build/startup_stm32f40xx.o
TIM3_IRQHandler                                   build/startup_stm32f40xx.o
TIM4_IRQHandler                                   build/startup_stm32f40xx.o
TIM5_IRQHandler                                   build/startup_stm32f40xx.o
TIM6_DAC_IRQHandler                               build/startup_stm32f40xx.o
TIM7_IRQHandler                                   build/startup_stm32f40xx.o
TIM8_BRK_TIM12_IRQHandler                         build/startup_stm32f40xx.o
TIM8_CC_IRQHandler                                build/startup_stm32f40xx.o
TIM8_TRG_COM_TIM14_IRQHandler                     build/startup_stm32f40xx.o
TIM8_UP_TIM13_IRQHandler                          build/startup_stm32f40xx.o
UART4_IRQHandler                                  build/startup_stm32f40xx.o
UART5_IRQHandler                                  build/startup_stm32f40xx.o
USART1_IRQHandler                                 build/startup_stm32f40xx.o
USART2_IRQHandler                                 build/startup_stm32f40xx.o
USART3_IRQHandler                                 build/usart.o
USART6_IRQHandler                                 build/startup_stm32f40xx.o
USART_ClearFlag                                   build/stm32f4xx_usart.o
USART_ClearITPendingBit                           build/stm32f4xx_usart.o
USART_ClockInit                                   build/stm32f4xx_usart.o
USART_ClockStructInit                             build/stm32f4xx_usart.o
USART_Cmd                                         build/stm32f4xx_usart.o
                                                  build/usart.o
USART_DMACmd                                      build/stm32f4xx_usart.o
USART_DeInit                                      build/stm32f4xx_usart.o
USART_GetFlagStatus                               build/stm32f4xx_usart.o
                                                  build/rin_portable.o
USART_GetITStatus                                 build/stm32f4xx_usart.o
                                                  build/usart.o
USART_HalfDuplexCmd                               build/stm32f4xx_usart.o
USART_ITConfig                                    build/stm32f4xx_usart.o
USART_Init                                        build/stm32f4xx_usart.o
                                                  build/usart.o
USART_IrDACmd                                     build/stm32f4xx_usart.o
USART_IrDAConfig                                  build/stm32f4xx_usart.o
USART_LINBreakDetectLengthConfig                  build/stm32f4xx_usart.o
USART_LINCmd                                      build/stm32f4xx_usart.o
USART_OneBitMethodCmd                             build/stm32f4xx_usart.o
USART_OverSampling8Cmd                            build/stm32f4xx_usart.o
USART_ReceiveData                                 build/stm32f4xx_usart.o
USART_ReceiverWakeUpCmd                           build/stm32f4xx_usart.o
USART_SendBreak                                   build/stm32f4xx_usart.o
USART_SendData                                    build/stm32f4xx_usart.o
                                                  build/rin_portable.o
USART_SetAddress                                  build/stm32f4xx_usart.o
USART_SetGuardTime                                build/stm32f4xx_usart.o
USART_SetPrescaler                                build/stm32f4xx_usart.o
USART_SmartCardCmd                                build/stm32f4xx_usart.o
USART_SmartCardNACKCmd                            build/stm32f4xx_usart.o
USART_StructInit                                  build/stm32f4xx_usart.o
USART_WakeUpConfig                                build/stm32f4xx_usart.o
UsageFault_Handler                                build/stm32f4xx_it.o
WWDG_IRQHandler                                   build/startup_stm32f40xx.o
_Jv_RegisterClasses                               d:/arm-none-eabi-gcc/5.4 2016q3/bin/../lib/gcc/arm-none-eabi/5.4.1/armv7e-m/fpu/crtbegin.o
__adddf3                                          d:/arm-none-eabi-gcc/5.4 2016q3/bin/../lib/gcc/arm-none-eabi/5.4.1/armv7e-m/fpu\libgcc.a(_arm_addsubdf3.o)
__aeabi_d2uiz                                     d:/arm-none-eabi-gcc/5.4 2016q3/bin/../lib/gcc/arm-none-eabi/5.4.1/armv7e-m/fpu\libgcc.a(_arm_fixunsdfsi.o)
                                                  build/rin_io.o
__aeabi_dadd                                      d:/arm-none-eabi-gcc/5.4 2016q3/bin/../lib/gcc/arm-none-eabi/5.4.1/armv7e-m/fpu\libgcc.a(_arm_addsubdf3.o)
__aeabi_ddiv                                      d:/arm-none-eabi-gcc/5.4 2016q3/bin/../lib/gcc/arm-none-eabi/5.4.1/armv7e-m/fpu\libgcc.a(_arm_muldivdf3.o)
__aeabi_dmul                                      d:/arm-none-eabi-gcc/5.4 2016q3/bin/../lib/gcc/arm-none-eabi/5.4.1/armv7e-m/fpu\libgcc.a(_arm_muldivdf3.o)
                                                  build/rin_io.o
__aeabi_drsub                                     d:/arm-none-eabi-gcc/5.4 2016q3/bin/../lib/gcc/arm-none-eabi/5.4.1/armv7e-m/fpu\libgcc.a(_arm_addsubdf3.o)
__aeabi_dsub                                      d:/arm-none-eabi-gcc/5.4 2016q3/bin/../lib/gcc/arm-none-eabi/5.4.1/armv7e-m/fpu\libgcc.a(_arm_addsubdf3.o)
                                                  build/rin_io.o
__aeabi_f2d                                       d:/arm-none-eabi-gcc/5.4 2016q3/bin/../lib/gcc/arm-none-eabi/5.4.1/armv7e-m/fpu\libgcc.a(_arm_addsubdf3.o)
__aeabi_i2d                                       d:/arm-none-eabi-gcc/5.4 2016q3/bin/../lib/gcc/arm-none-eabi/5.4.1/armv7e-m/fpu\libgcc.a(_arm_addsubdf3.o)
__aeabi_l2d                                       d:/arm-none-eabi-gcc/5.4 2016q3/bin/../lib/gcc/arm-none-eabi/5.4.1/armv7e-m/fpu\libgcc.a(_arm_addsubdf3.o)
__aeabi_ui2d                                      d:/arm-none-eabi-gcc/5.4 2016q3/bin/../lib/gcc/arm-none-eabi/5.4.1/armv7e-m/fpu\libgcc.a(_arm_addsubdf3.o)
                                                  build/rin_io.o
__aeabi_ul2d                                      d:/arm-none-eabi-gcc/5.4 2016q3/bin/../lib/gcc/arm-none-eabi/5.4.1/armv7e-m/fpu\libgcc.a(_arm_addsubdf3.o)
__bss_end__                                       d:/arm-none-eabi-gcc/5.4 2016q3/bin/../lib/gcc/arm-none-eabi/5.4.1/../../../../arm-none-eabi/lib/armv7e-m/fpu/crt0.o
__bss_start__                                     d:/arm-none-eabi-gcc/5.4 2016q3/bin/../lib/gcc/arm-none-eabi/5.4.1/../../../../arm-none-eabi/lib/armv7e-m/fpu/crt0.o
__call_exitprocs                                  d:/arm-none-eabi-gcc/5.4 2016q3/bin/../lib/gcc/arm-none-eabi/5.4.1/../../../../arm-none-eabi/lib/armv7e-m/fpu\libc_nano.a(lib_a-exit.o)
__deregister_frame_info                           d:/arm-none-eabi-gcc/5.4 2016q3/bin/../lib/gcc/arm-none-eabi/5.4.1/armv7e-m/fpu/crtbegin.o
__divdf3                                          d:/arm-none-eabi-gcc/5.4 2016q3/bin/../lib/gcc/arm-none-eabi/5.4.1/armv7e-m/fpu\libgcc.a(_arm_muldivdf3.o)
__dso_handle                                      d:/arm-none-eabi-gcc/5.4 2016q3/bin/../lib/gcc/arm-none-eabi/5.4.1/armv7e-m/fpu/crtbegin.o
__extendsfdf2                                     d:/arm-none-eabi-gcc/5.4 2016q3/bin/../lib/gcc/arm-none-eabi/5.4.1/armv7e-m/fpu\libgcc.a(_arm_addsubdf3.o)
__fixunsdfsi                                      d:/arm-none-eabi-gcc/5.4 2016q3/bin/../lib/gcc/arm-none-eabi/5.4.1/armv7e-m/fpu\libgcc.a(_arm_fixunsdfsi.o)
__floatdidf                                       d:/arm-none-eabi-gcc/5.4 2016q3/bin/../lib/gcc/arm-none-eabi/5.4.1/armv7e-m/fpu\libgcc.a(_arm_addsubdf3.o)
__floatsidf                                       d:/arm-none-eabi-gcc/5.4 2016q3/bin/../lib/gcc/arm-none-eabi/5.4.1/armv7e-m/fpu\libgcc.a(_arm_addsubdf3.o)
__floatundidf                                     d:/arm-none-eabi-gcc/5.4 2016q3/bin/../lib/gcc/arm-none-eabi/5.4.1/armv7e-m/fpu\libgcc.a(_arm_addsubdf3.o)
__floatunsidf                                     d:/arm-none-eabi-gcc/5.4 2016q3/bin/../lib/gcc/arm-none-eabi/5.4.1/armv7e-m/fpu\libgcc.a(_arm_addsubdf3.o)
__fp_lock_all                                     d:/arm-none-eabi-gcc/5.4 2016q3/bin/../lib/gcc/arm-none-eabi/5.4.1/../../../../arm-none-eabi/lib/armv7e-m/fpu\libc_nano.a(lib_a-findfp.o)
__fp_unlock_all                                   d:/arm-none-eabi-gcc/5.4 2016q3/bin/../lib/gcc/arm-none-eabi/5.4.1/../../../../arm-none-eabi/lib/armv7e-m/fpu\libc_nano.a(lib_a-findfp.o)
__init_array_end                                  d:/arm-none-eabi-gcc/5.4 2016q3/bin/../lib/gcc/arm-none-eabi/5.4.1/../../../../arm-none-eabi/lib/armv7e-m/fpu\libc_nano.a(lib_a-init.o)
__init_array_start                                d:/arm-none-eabi-gcc/5.4 2016q3/bin/../lib/gcc/arm-none-eabi/5.4.1/../../../../arm-none-eabi/lib/armv7e-m/fpu\libc_nano.a(lib_a-init.o)
__itoa                                            d:/arm-none-eabi-gcc/5.4 2016q3/bin/../lib/gcc/arm-none-eabi/5.4.1/../../../../arm-none-eabi/lib/armv7e-m/fpu\libc_nano.a(lib_a-itoa.o)
__libc_fini_array                                 d:/arm-none-eabi-gcc/5.4 2016q3/bin/../lib/gcc/arm-none-eabi/5.4.1/../../../../arm-none-eabi/lib/armv7e-m/fpu/crt0.o
__libc_init_array                                 d:/arm-none-eabi-gcc/5.4 2016q3/bin/../lib/gcc/arm-none-eabi/5.4.1/../../../../arm-none-eabi/lib/armv7e-m/fpu\libc_nano.a(lib_a-init.o)
                                                  build/startup_stm32f40xx.o
                                                  d:/arm-none-eabi-gcc/5.4 2016q3/bin/../lib/gcc/arm-none-eabi/5.4.1/../../../../arm-none-eabi/lib/armv7e-m/fpu/crt0.o
__malloc_free_list                                d:/arm-none-eabi-gcc/5.4 2016q3/bin/../lib/gcc/arm-none-eabi/5.4.1/../../../../arm-none-eabi/lib/armv7e-m/fpu\libc_nano.a(lib_a-nano-mallocr.o)
                                                  d:/arm-none-eabi-gcc/5.4 2016q3/bin/../lib/gcc/arm-none-eabi/5.4.1/../../../../arm-none-eabi/lib/armv7e-m/fpu\libc_nano.a(lib_a-nano-freer.o)
__malloc_lock                                     d:/arm-none-eabi-gcc/5.4 2016q3/bin/../lib/gcc/arm-none-eabi/5.4.1/../../../../arm-none-eabi/lib/armv7e-m/fpu\libc_nano.a(lib_a-mlock.o)
                                                  d:/arm-none-eabi-gcc/5.4 2016q3/bin/../lib/gcc/arm-none-eabi/5.4.1/../../../../arm-none-eabi/lib/armv7e-m/fpu\libc_nano.a(lib_a-nano-mallocr.o)
                                                  d:/arm-none-eabi-gcc/5.4 2016q3/bin/../lib/gcc/arm-none-eabi/5.4.1/../../../../arm-none-eabi/lib/armv7e-m/fpu\libc_nano.a(lib_a-nano-freer.o)
__malloc_sbrk_start                               d:/arm-none-eabi-gcc/5.4 2016q3/bin/../lib/gcc/arm-none-eabi/5.4.1/../../../../arm-none-eabi/lib/armv7e-m/fpu\libc_nano.a(lib_a-nano-mallocr.o)
__malloc_unlock                                   d:/arm-none-eabi-gcc/5.4 2016q3/bin/../lib/gcc/arm-none-eabi/5.4.1/../../../../arm-none-eabi/lib/armv7e-m/fpu\libc_nano.a(lib_a-mlock.o)
                                                  d:/arm-none-eabi-gcc/5.4 2016q3/bin/../lib/gcc/arm-none-eabi/5.4.1/../../../../arm-none-eabi/lib/armv7e-m/fpu\libc_nano.a(lib_a-nano-mallocr.o)
                                                  d:/arm-none-eabi-gcc/5.4 2016q3/bin/../lib/gcc/arm-none-eabi/5.4.1/../../../../arm-none-eabi/lib/armv7e-m/fpu\libc_nano.a(lib_a-nano-freer.o)
__muldf3                                          d:/arm-none-eabi-gcc/5.4 2016q3/bin/../lib/gcc/arm-none-eabi/5.4.1/armv7e-m/fpu\libgcc.a(_arm_muldivdf3.o)
__preinit_array_end                               d:/arm-none-eabi-gcc/5.4 2016q3/bin/../lib/gcc/arm-none-eabi/5.4.1/../../../../arm-none-eabi/lib/armv7e-m/fpu\libc_nano.a(lib_a-init.o)
__preinit_array_start                             d:/arm-none-eabi-gcc/5.4 2016q3/bin/../lib/gcc/arm-none-eabi/5.4.1/../../../../arm-none-eabi/lib/armv7e-m/fpu\libc_nano.a(lib_a-init.o)
__register_frame_info                             d:/arm-none-eabi-gcc/5.4 2016q3/bin/../lib/gcc/arm-none-eabi/5.4.1/armv7e-m/fpu/crtbegin.o
__sclose                                          d:/arm-none-eabi-gcc/5.4 2016q3/bin/../lib/gcc/arm-none-eabi/5.4.1/../../../../arm-none-eabi/lib/armv7e-m/fpu\libc_nano.a(lib_a-stdio.o)
                                                  d:/arm-none-eabi-gcc/5.4 2016q3/bin/../lib/gcc/arm-none-eabi/5.4.1/../../../../arm-none-eabi/lib/armv7e-m/fpu\libc_nano.a(lib_a-findfp.o)
__seofread                                        d:/arm-none-eabi-gcc/5.4 2016q3/bin/../lib/gcc/arm-none-eabi/5.4.1/../../../../arm-none-eabi/lib/armv7e-m/fpu\libc_nano.a(lib_a-stdio.o)
__sf_fake_stderr                                  d:/arm-none-eabi-gcc/5.4 2016q3/bin/../lib/gcc/arm-none-eabi/5.4.1/../../../../arm-none-eabi/lib/armv7e-m/fpu\libc_nano.a(lib_a-findfp.o)
                                                  d:/arm-none-eabi-gcc/5.4 2016q3/bin/../lib/gcc/arm-none-eabi/5.4.1/../../../../arm-none-eabi/lib/armv7e-m/fpu\libc_nano.a(lib_a-nano-vfprintf.o)
                                                  d:/arm-none-eabi-gcc/5.4 2016q3/bin/../lib/gcc/arm-none-eabi/5.4.1/../../../../arm-none-eabi/lib/armv7e-m/fpu\libc_nano.a(lib_a-fflush.o)
                                                  d:/arm-none-eabi-gcc/5.4 2016q3/bin/../lib/gcc/arm-none-eabi/5.4.1/../../../../arm-none-eabi/lib/armv7e-m/fpu\libc_nano.a(lib_a-wsetup.o)
                                                  d:/arm-none-eabi-gcc/5.4 2016q3/bin/../lib/gcc/arm-none-eabi/5.4.1/../../../../arm-none-eabi/lib/armv7e-m/fpu\libc_nano.a(lib_a-wbuf.o)
                                                  d:/arm-none-eabi-gcc/5.4 2016q3/bin/../lib/gcc/arm-none-eabi/5.4.1/../../../../arm-none-eabi/lib/armv7e-m/fpu\libc_nano.a(lib_a-puts.o)
                                                  d:/arm-none-eabi-gcc/5.4 2016q3/bin/../lib/gcc/arm-none-eabi/5.4.1/../../../../arm-none-eabi/lib/armv7e-m/fpu\libc_nano.a(lib_a-impure.o)
__sf_fake_stdin                                   d:/arm-none-eabi-gcc/5.4 2016q3/bin/../lib/gcc/arm-none-eabi/5.4.1/../../../../arm-none-eabi/lib/armv7e-m/fpu\libc_nano.a(lib_a-findfp.o)
                                                  d:/arm-none-eabi-gcc/5.4 2016q3/bin/../lib/gcc/arm-none-eabi/5.4.1/../../../../arm-none-eabi/lib/armv7e-m/fpu\libc_nano.a(lib_a-nano-vfprintf.o)
                                                  d:/arm-none-eabi-gcc/5.4 2016q3/bin/../lib/gcc/arm-none-eabi/5.4.1/../../../../arm-none-eabi/lib/armv7e-m/fpu\libc_nano.a(lib_a-fflush.o)
                                                  d:/arm-none-eabi-gcc/5.4 2016q3/bin/../lib/gcc/arm-none-eabi/5.4.1/../../../../arm-none-eabi/lib/armv7e-m/fpu\libc_nano.a(lib_a-wsetup.o)
                                                  d:/arm-none-eabi-gcc/5.4 2016q3/bin/../lib/gcc/arm-none-eabi/5.4.1/../../../../arm-none-eabi/lib/armv7e-m/fpu\libc_nano.a(lib_a-wbuf.o)
                                                  d:/arm-none-eabi-gcc/5.4 2016q3/bin/../lib/gcc/arm-none-eabi/5.4.1/../../../../arm-none-eabi/lib/armv7e-m/fpu\libc_nano.a(lib_a-puts.o)
                                                  d:/arm-none-eabi-gcc/5.4 2016q3/bin/../lib/gcc/arm-none-eabi/5.4.1/../../../../arm-none-eabi/lib/armv7e-m/fpu\libc_nano.a(lib_a-impure.o)
__sf_fake_stdout                                  d:/arm-none-eabi-gcc/5.4 2016q3/bin/../lib/gcc/arm-none-eabi/5.4.1/../../../../arm-none-eabi/lib/armv7e-m/fpu\libc_nano.a(lib_a-findfp.o)
                                                  d:/arm-none-eabi-gcc/5.4 2016q3/bin/../lib/gcc/arm-none-eabi/5.4.1/../../../../arm-none-eabi/lib/armv7e-m/fpu\libc_nano.a(lib_a-nano-vfprintf.o)
                                                  d:/arm-none-eabi-gcc/5.4 2016q3/bin/../lib/gcc/arm-none-eabi/5.4.1/../../../../arm-none-eabi/lib/armv7e-m/fpu\libc_nano.a(lib_a-fflush.o)
                                                  d:/arm-none-eabi-gcc/5.4 2016q3/bin/../lib/gcc/arm-none-eabi/5.4.1/../../../../arm-none-eabi/lib/armv7e-m/fpu\libc_nano.a(lib_a-wsetup.o)
                                                  d:/arm-none-eabi-gcc/5.4 2016q3/bin/../lib/gcc/arm-none-eabi/5.4.1/../../../../arm-none-eabi/lib/armv7e-m/fpu\libc_nano.a(lib_a-wbuf.o)
                                                  d:/arm-none-eabi-gcc/5.4 2016q3/bin/../lib/gcc/arm-none-eabi/5.4.1/../../../../arm-none-eabi/lib/armv7e-m/fpu\libc_nano.a(lib_a-puts.o)
                                                  d:/arm-none-eabi-gcc/5.4 2016q3/bin/../lib/gcc/arm-none-eabi/5.4.1/../../../../arm-none-eabi/lib/armv7e-m/fpu\libc_nano.a(lib_a-impure.o)
__sflush_r                                        d:/arm-none-eabi-gcc/5.4 2016q3/bin/../lib/gcc/arm-none-eabi/5.4.1/../../../../arm-none-eabi/lib/armv7e-m/fpu\libc_nano.a(lib_a-fflush.o)
__sfmoreglue                                      d:/arm-none-eabi-gcc/5.4 2016q3/bin/../lib/gcc/arm-none-eabi/5.4.1/../../../../arm-none-eabi/lib/armv7e-m/fpu\libc_nano.a(lib_a-findfp.o)
__sfp                                             d:/arm-none-eabi-gcc/5.4 2016q3/bin/../lib/gcc/arm-none-eabi/5.4.1/../../../../arm-none-eabi/lib/armv7e-m/fpu\libc_nano.a(lib_a-findfp.o)
__sfp_lock_acquire                                d:/arm-none-eabi-gcc/5.4 2016q3/bin/../lib/gcc/arm-none-eabi/5.4.1/../../../../arm-none-eabi/lib/armv7e-m/fpu\libc_nano.a(lib_a-findfp.o)
__sfp_lock_release                                d:/arm-none-eabi-gcc/5.4 2016q3/bin/../lib/gcc/arm-none-eabi/5.4.1/../../../../arm-none-eabi/lib/armv7e-m/fpu\libc_nano.a(lib_a-findfp.o)
__sfputs_r                                        d:/arm-none-eabi-gcc/5.4 2016q3/bin/../lib/gcc/arm-none-eabi/5.4.1/../../../../arm-none-eabi/lib/armv7e-m/fpu\libc_nano.a(lib_a-nano-vfprintf.o)
__sfvwrite_r                                      d:/arm-none-eabi-gcc/5.4 2016q3/bin/../lib/gcc/arm-none-eabi/5.4.1/../../../../arm-none-eabi/lib/armv7e-m/fpu\libc_nano.a(lib_a-fvwrite.o)
                                                  d:/arm-none-eabi-gcc/5.4 2016q3/bin/../lib/gcc/arm-none-eabi/5.4.1/../../../../arm-none-eabi/lib/armv7e-m/fpu\libc_nano.a(lib_a-nano-vfprintf.o)
__sinit                                           d:/arm-none-eabi-gcc/5.4 2016q3/bin/../lib/gcc/arm-none-eabi/5.4.1/../../../../arm-none-eabi/lib/armv7e-m/fpu\libc_nano.a(lib_a-findfp.o)
                                                  d:/arm-none-eabi-gcc/5.4 2016q3/bin/../lib/gcc/arm-none-eabi/5.4.1/../../../../arm-none-eabi/lib/armv7e-m/fpu\libc_nano.a(lib_a-nano-vfprintf.o)
                                                  d:/arm-none-eabi-gcc/5.4 2016q3/bin/../lib/gcc/arm-none-eabi/5.4.1/../../../../arm-none-eabi/lib/armv7e-m/fpu\libc_nano.a(lib_a-fflush.o)
                                                  d:/arm-none-eabi-gcc/5.4 2016q3/bin/../lib/gcc/arm-none-eabi/5.4.1/../../../../arm-none-eabi/lib/armv7e-m/fpu\libc_nano.a(lib_a-wsetup.o)
                                                  d:/arm-none-eabi-gcc/5.4 2016q3/bin/../lib/gcc/arm-none-eabi/5.4.1/../../../../arm-none-eabi/lib/armv7e-m/fpu\libc_nano.a(lib_a-wbuf.o)
                                                  d:/arm-none-eabi-gcc/5.4 2016q3/bin/../lib/gcc/arm-none-eabi/5.4.1/../../../../arm-none-eabi/lib/armv7e-m/fpu\libc_nano.a(lib_a-puts.o)
                                                  d:/arm-none-eabi-gcc/5.4 2016q3/bin/../lib/gcc/arm-none-eabi/5.4.1/../../../../arm-none-eabi/lib/armv7e-m/fpu\libc_nano.a(lib_a-printf.o)
__sinit_lock_acquire                              d:/arm-none-eabi-gcc/5.4 2016q3/bin/../lib/gcc/arm-none-eabi/5.4.1/../../../../arm-none-eabi/lib/armv7e-m/fpu\libc_nano.a(lib_a-findfp.o)
__sinit_lock_release                              d:/arm-none-eabi-gcc/5.4 2016q3/bin/../lib/gcc/arm-none-eabi/5.4.1/../../../../arm-none-eabi/lib/armv7e-m/fpu\libc_nano.a(lib_a-findfp.o)
__smakebuf_r                                      d:/arm-none-eabi-gcc/5.4 2016q3/bin/../lib/gcc/arm-none-eabi/5.4.1/../../../../arm-none-eabi/lib/armv7e-m/fpu\libc_nano.a(lib_a-makebuf.o)
                                                  d:/arm-none-eabi-gcc/5.4 2016q3/bin/../lib/gcc/arm-none-eabi/5.4.1/../../../../arm-none-eabi/lib/armv7e-m/fpu\libc_nano.a(lib_a-wsetup.o)
__sprint_r                                        d:/arm-none-eabi-gcc/5.4 2016q3/bin/../lib/gcc/arm-none-eabi/5.4.1/../../../../arm-none-eabi/lib/armv7e-m/fpu\libc_nano.a(lib_a-nano-vfprintf.o)
__sread                                           d:/arm-none-eabi-gcc/5.4 2016q3/bin/../lib/gcc/arm-none-eabi/5.4.1/../../../../arm-none-eabi/lib/armv7e-m/fpu\libc_nano.a(lib_a-stdio.o)
                                                  d:/arm-none-eabi-gcc/5.4 2016q3/bin/../lib/gcc/arm-none-eabi/5.4.1/../../../../arm-none-eabi/lib/armv7e-m/fpu\libc_nano.a(lib_a-findfp.o)
__sseek                                           d:/arm-none-eabi-gcc/5.4 2016q3/bin/../lib/gcc/arm-none-eabi/5.4.1/../../../../arm-none-eabi/lib/armv7e-m/fpu\libc_nano.a(lib_a-stdio.o)
                                                  d:/arm-none-eabi-gcc/5.4 2016q3/bin/../lib/gcc/arm-none-eabi/5.4.1/../../../../arm-none-eabi/lib/armv7e-m/fpu\libc_nano.a(lib_a-findfp.o)
__stack                                           d:/arm-none-eabi-gcc/5.4 2016q3/bin/../lib/gcc/arm-none-eabi/5.4.1/../../../../arm-none-eabi/lib/armv7e-m/fpu/crt0.o
__subdf3                                          d:/arm-none-eabi-gcc/5.4 2016q3/bin/../lib/gcc/arm-none-eabi/5.4.1/armv7e-m/fpu\libgcc.a(_arm_addsubdf3.o)
__swbuf                                           d:/arm-none-eabi-gcc/5.4 2016q3/bin/../lib/gcc/arm-none-eabi/5.4.1/../../../../arm-none-eabi/lib/armv7e-m/fpu\libc_nano.a(lib_a-wbuf.o)
__swbuf_r                                         d:/arm-none-eabi-gcc/5.4 2016q3/bin/../lib/gcc/arm-none-eabi/5.4.1/../../../../arm-none-eabi/lib/armv7e-m/fpu\libc_nano.a(lib_a-wbuf.o)
                                                  d:/arm-none-eabi-gcc/5.4 2016q3/bin/../lib/gcc/arm-none-eabi/5.4.1/../../../../arm-none-eabi/lib/armv7e-m/fpu\libc_nano.a(lib_a-nano-vfprintf.o)
                                                  d:/arm-none-eabi-gcc/5.4 2016q3/bin/../lib/gcc/arm-none-eabi/5.4.1/../../../../arm-none-eabi/lib/armv7e-m/fpu\libc_nano.a(lib_a-puts.o)
__swhatbuf_r                                      d:/arm-none-eabi-gcc/5.4 2016q3/bin/../lib/gcc/arm-none-eabi/5.4.1/../../../../arm-none-eabi/lib/armv7e-m/fpu\libc_nano.a(lib_a-makebuf.o)
__swrite                                          d:/arm-none-eabi-gcc/5.4 2016q3/bin/../lib/gcc/arm-none-eabi/5.4.1/../../../../arm-none-eabi/lib/armv7e-m/fpu\libc_nano.a(lib_a-stdio.o)
                                                  d:/arm-none-eabi-gcc/5.4 2016q3/bin/../lib/gcc/arm-none-eabi/5.4.1/../../../../arm-none-eabi/lib/armv7e-m/fpu\libc_nano.a(lib_a-findfp.o)
__swsetup_r                                       d:/arm-none-eabi-gcc/5.4 2016q3/bin/../lib/gcc/arm-none-eabi/5.4.1/../../../../arm-none-eabi/lib/armv7e-m/fpu\libc_nano.a(lib_a-wsetup.o)
                                                  d:/arm-none-eabi-gcc/5.4 2016q3/bin/../lib/gcc/arm-none-eabi/5.4.1/../../../../arm-none-eabi/lib/armv7e-m/fpu\libc_nano.a(lib_a-fvwrite.o)
                                                  d:/arm-none-eabi-gcc/5.4 2016q3/bin/../lib/gcc/arm-none-eabi/5.4.1/../../../../arm-none-eabi/lib/armv7e-m/fpu\libc_nano.a(lib_a-nano-vfprintf.o)
                                                  d:/arm-none-eabi-gcc/5.4 2016q3/bin/../lib/gcc/arm-none-eabi/5.4.1/../../../../arm-none-eabi/lib/armv7e-m/fpu\libc_nano.a(lib_a-wbuf.o)
                                                  d:/arm-none-eabi-gcc/5.4 2016q3/bin/../lib/gcc/arm-none-eabi/5.4.1/../../../../arm-none-eabi/lib/armv7e-m/fpu\libc_nano.a(lib_a-puts.o)
__utoa                                            d:/arm-none-eabi-gcc/5.4 2016q3/bin/../lib/gcc/arm-none-eabi/5.4.1/../../../../arm-none-eabi/lib/armv7e-m/fpu\libc_nano.a(lib_a-utoa.o)
                                                  d:/arm-none-eabi-gcc/5.4 2016q3/bin/../lib/gcc/arm-none-eabi/5.4.1/../../../../arm-none-eabi/lib/armv7e-m/fpu\libc_nano.a(lib_a-itoa.o)
_cleanup                                          d:/arm-none-eabi-gcc/5.4 2016q3/bin/../lib/gcc/arm-none-eabi/5.4.1/../../../../arm-none-eabi/lib/armv7e-m/fpu\libc_nano.a(lib_a-findfp.o)
_cleanup_r                                        d:/arm-none-eabi-gcc/5.4 2016q3/bin/../lib/gcc/arm-none-eabi/5.4.1/../../../../arm-none-eabi/lib/armv7e-m/fpu\libc_nano.a(lib_a-findfp.o)
                                                  d:/arm-none-eabi-gcc/5.4 2016q3/bin/../lib/gcc/arm-none-eabi/5.4.1/../../../../arm-none-eabi/lib/armv7e-m/fpu\libc_nano.a(lib_a-makebuf.o)
_close                                            d:/arm-none-eabi-gcc/5.4 2016q3/bin/../lib/gcc/arm-none-eabi/5.4.1/../../../../arm-none-eabi/lib/armv7e-m/fpu\libnosys.a(close.o)
                                                  d:/arm-none-eabi-gcc/5.4 2016q3/bin/../lib/gcc/arm-none-eabi/5.4.1/../../../../arm-none-eabi/lib/armv7e-m/fpu\libc_nano.a(lib_a-closer.o)
_close_r                                          d:/arm-none-eabi-gcc/5.4 2016q3/bin/../lib/gcc/arm-none-eabi/5.4.1/../../../../arm-none-eabi/lib/armv7e-m/fpu\libc_nano.a(lib_a-closer.o)
                                                  d:/arm-none-eabi-gcc/5.4 2016q3/bin/../lib/gcc/arm-none-eabi/5.4.1/../../../../arm-none-eabi/lib/armv7e-m/fpu\libc_nano.a(lib_a-stdio.o)
_ebss                                             build/startup_stm32f40xx.o
_edata                                            build/startup_stm32f40xx.o
_estack                                           build/startup_stm32f40xx.o
_exit                                             d:/arm-none-eabi-gcc/5.4 2016q3/bin/../lib/gcc/arm-none-eabi/5.4.1/../../../../arm-none-eabi/lib/armv7e-m/fpu\libnosys.a(_exit.o)
                                                  d:/arm-none-eabi-gcc/5.4 2016q3/bin/../lib/gcc/arm-none-eabi/5.4.1/../../../../arm-none-eabi/lib/armv7e-m/fpu\libc_nano.a(lib_a-exit.o)
_fflush_r                                         d:/arm-none-eabi-gcc/5.4 2016q3/bin/../lib/gcc/arm-none-eabi/5.4.1/../../../../arm-none-eabi/lib/armv7e-m/fpu\libc_nano.a(lib_a-fflush.o)
                                                  d:/arm-none-eabi-gcc/5.4 2016q3/bin/../lib/gcc/arm-none-eabi/5.4.1/../../../../arm-none-eabi/lib/armv7e-m/fpu\libc_nano.a(lib_a-fvwrite.o)
                                                  d:/arm-none-eabi-gcc/5.4 2016q3/bin/../lib/gcc/arm-none-eabi/5.4.1/../../../../arm-none-eabi/lib/armv7e-m/fpu\libc_nano.a(lib_a-findfp.o)